 PhysXCooking_64

 Timestamp is 62306863 (Tue Mar 15 11:20:19 2022)

 Preferred load address is 0000000180000000

 Start         Length     Name                   Class
 0001:00000000 000003c0H .text$di                CODE
 0001:000003c0 00042800H .text$mn                CODE
 0001:00042bc0 00000040H .text$mn$00             CODE
 0001:00042c00 00000490H .text$x                 CODE
 0002:00000000 00000258H .idata$5                DATA
 0002:00000258 00000028H .00cfg                  DATA
 0002:00000280 00000008H .CRT$XCA                DATA
 0002:00000288 000001e0H .CRT$XCU                DATA
 0002:00000468 00000008H .CRT$XCZ                DATA
 0002:00000470 00000008H .CRT$XIA                DATA
 0002:00000478 00000018H .CRT$XIC                DATA
 0002:00000490 00000008H .CRT$XIZ                DATA
 0002:00000498 00000008H .CRT$XPA                DATA
 0002:000004a0 00000010H .CRT$XPX                DATA
 0002:000004b0 00000008H .CRT$XPXA               DATA
 0002:000004b8 00000008H .CRT$XPZ                DATA
 0002:000004c0 00000008H .CRT$XTA                DATA
 0002:000004c8 00000008H .CRT$XTZ                DATA
 0002:000004d0 00000000H .gfids$y                DATA
 0002:000004d0 0000b3a8H .rdata                  DATA
 0002:0000b878 0000043cH .rdata$r                DATA
 0002:0000bcb4 00000404H .rdata$zzzdbg           DATA
 0002:0000c0b8 00000008H .rtc$IAA                DATA
 0002:0000c0c0 00000008H .rtc$IZZ                DATA
 0002:0000c0c8 00000008H .rtc$TAA                DATA
 0002:0000c0d0 00000008H .rtc$TZZ                DATA
 0002:0000c0d8 00003d38H .xdata                  DATA
 0002:0000fe10 00000084H .xdata$x                DATA
 0002:0000fe94 00000040H .didat$2                DATA
 0002:0000fed4 00000024H .didat$3                DATA
 0002:0000fef8 00000188H .didat$4                DATA
 0002:00010080 00000950H .didat$6                DATA
 0002:000109d0 00000190H .didat$7                DATA
 0002:00010b60 00001d00H .edata                  DATA
 0002:00012860 00000014H .idata$2                DATA
 0002:00012874 00000014H .idata$3                DATA
 0002:00012888 00000258H .idata$4                DATA
 0002:00012ae0 00000576H .idata$6                DATA
 0003:00000000 00000a30H .data                   DATA
 0003:00000a30 000006d8H .data$r                 DATA
 0003:00001108 00000188H .didat$5                DATA
 0003:00001290 000015d0H .bss                    DATA
 0004:00000000 00003258H .pdata                  DATA
 0005:00000000 000022a4H _RDATA                  DATA
 0006:00000000 000000a0H .rsrc$01                DATA
 0006:000000a0 000004b0H .rsrc$02                DATA

  Address         Publics by Value              Rva+Base               Lib:Object

 0000:00000000       __guard_longjmp_count      0000000000000000     <absolute>
 0000:00000000       __guard_longjmp_table      0000000000000000     <absolute>
 0000:00000000       __guard_iat_count          0000000000000000     <absolute>
 0000:00000000       __arm64x_redirection_metadata 0000000000000000     <absolute>
 0000:00000000       __guard_eh_cont_count      0000000000000000     <absolute>
 0000:00000000       __arm64x_native_entrypoint 0000000000000000     <absolute>
 0000:00000000       __volatile_metadata        0000000000000000     <absolute>
 0000:00000000       __guard_iat_table          0000000000000000     <absolute>
 0000:00000000       __hybrid_code_map          0000000000000000     <absolute>
 0000:00000000       __guard_eh_cont_table      0000000000000000     <absolute>
 0000:00000000       __x64_code_ranges_to_entry_points 0000000000000000     <absolute>
 0000:00000000       __hybrid_code_map_count    0000000000000000     <absolute>
 0000:00000000       __enclave_config           0000000000000000     <absolute>
 0000:00000000       __guard_fids_count         0000000000000000     <absolute>
 0000:00000000       ___safe_se_handler_count   0000000000000000     <absolute>
 0000:00000000       __AbsoluteZero             0000000000000000     <absolute>
 0000:00000000       ___safe_se_handler_table   0000000000000000     <absolute>
 0000:00000000       __guard_fids_table         0000000000000000     <absolute>
 0000:00000000       __dynamic_value_reloc_table 0000000000000000     <absolute>
 0000:00000000       __hybrid_auxiliary_iat     0000000000000000     <absolute>
 0000:00000100       __guard_flags              0000000000000100     <absolute>
 0000:00000000       __ImageBase                0000000180000000     <linker-defined>
 0001:000003c0       ??$?_UV?$ReflectionAllocator@VAdjTriangle@physx@@@shdfnd@physx@@@UserAllocated@shdfnd@physx@@SAPEAX_KV?$ReflectionAllocator@VAdjTriangle@physx@@@12@PEBDH@Z 00000001800013c0 f i Adjacencies.obj
 0001:00000460       ??0AdjacenciesBuilder@physx@@QEAA@XZ 0000000180001460 f   Adjacencies.obj
 0001:00000470       ??4Allocator@shdfnd@physx@@QEAAAEAV012@AEBV012@@Z 0000000180001470 f i Adjacencies.obj
 0001:00000470       ?getPaddedBounds@HeightFieldData@Gu@physx@@QEBAAEBVCenterExtentsPadded@23@XZ 0000000180001470 f i Cooking.obj
 0001:00000470       ??0Allocator@shdfnd@physx@@QEAA@PEBD@Z 0000000180001470 f i Adjacencies.obj
 0001:00000470       ??0HeightFieldData@Gu@physx@@QEAA@W4PxEMPTY@2@@Z 0000000180001470 f i Cooking.obj
 0001:00000470       ?getAABB@AABBTreeBuildNode@Gu@physx@@QEBAAEBVPxBounds3@3@XZ 0000000180001470 f i BVHStructureBuilder.obj
 0001:00000470       ??0Box@Gu@physx@@QEAA@XZ   0000000180001470 f i ConvexHullUtils.obj
 0001:00000470       ??$forward@_K@std@@YA$$QEA_KAEA_K@Z 0000000180001470 f i libvcruntime:undname.obj
 0001:00000470       ??4PxFoundation@physx@@QEAAAEAV01@AEBV01@@Z 0000000180001470 f i Adjacencies.obj
 0001:00000470       ??4MutexImpl@shdfnd@physx@@QEAAAEAV012@AEBV012@@Z 0000000180001470 f i Adjacencies.obj
 0001:00000470       ??0BigConvexData@physx@@QEAA@W4PxEMPTY@1@@Z 0000000180001470 f i BigConvexDataBuilder.obj
 0001:00000470       ??4Allocator@shdfnd@physx@@QEAAAEAV012@$$QEAV012@@Z 0000000180001470 f i Adjacencies.obj
 0001:00000470       ??0AABBTreeBuildNode@Gu@physx@@QEAA@XZ 0000000180001470 f i BVHStructureBuilder.obj
 0001:00000480       ??0PxFoundation@physx@@QEAA@AEBV01@@Z 0000000180001480 f i Adjacencies.obj
 0001:00000480       ??0PxFoundation@physx@@QEAA@XZ 0000000180001480 f i Adjacencies.obj
 0001:00000490       ??1Adjacencies@physx@@QEAA@XZ 0000000180001490 f   Adjacencies.obj
 0001:00000500       ??1AdjacenciesBuilder@physx@@QEAA@XZ 0000000180001500 f   Adjacencies.obj
 0001:00000510       ??1PxFoundation@physx@@MEAA@XZ 0000000180001510 f i Adjacencies.obj
 0001:00000520       ??_EPxFoundation@physx@@MEAAPEAXI@Z 0000000180001520 f i Adjacencies.obj
 0001:000005b0       ??1HeightFieldData@Gu@physx@@QEAA@XZ 00000001800015b0 f i Cooking.obj
 0001:000005b0       ?onMeshIndexFormatChange@TriangleMeshBuilder@physx@@UEAAXXZ 00000001800015b0 f i TriangleMeshBuilder.obj
 0001:000005b0       ??1AABBTreeBuildNode@Gu@physx@@QEAA@XZ 00000001800015b0 f i BVHStructureBuilder.obj
 0001:000005b0       _guard_check_icall_nop     00000001800015b0 f i LIBCMT:guard_support.obj
 0001:000005b0       ??_FAllocator@shdfnd@physx@@QEAAXXZ 00000001800015b0 f i Adjacencies.obj
 0001:000005b0       ??1BigConvexDataBuilder@physx@@QEAA@XZ 00000001800015b0 f i BigConvexDataBuilder.obj
 0001:000005b0       ??1Box@Gu@physx@@QEAA@XZ   00000001800015b0 f i ConvexHullUtils.obj
 0001:000005c0       ?ComputeNbBoundaryEdges@Adjacencies@physx@@QEBAIXZ 00000001800015c0 f   Adjacencies.obj
 0001:000008a0       ?GetNbHits@RadixSort@Cm@physx@@QEBAIXZ 00000001800018a0 f i Adjacencies.obj
 0001:000008b0       ?GetNbTotalCalls@RadixSort@Cm@physx@@QEBAIXZ 00000001800018b0 f i Adjacencies.obj
 0001:000008c0       ?getErrorCallback@Foundation@shdfnd@physx@@UEAAAEAVPxErrorCallback@3@XZ 00000001800018c0 f i Adjacencies.obj
 0001:000008c0       ?GetRanks@RadixSort@Cm@physx@@QEBAPEBIXZ 00000001800018c0 f i Adjacencies.obj
 0001:000008d0       ?getPos@AABBTreeBuildNode@Gu@physx@@QEBAPEBV123@XZ 00000001800018d0 f i BVHStructureBuilder.obj
 0001:000008d0       ?GetValencies@BigConvexData@physx@@QEBAPEBUValency@Gu@2@XZ 00000001800018d0 f i BigConvexDataBuilder.obj
 0001:000008d0       ?GetRecyclable@RadixSort@Cm@physx@@QEBAPEAIXZ 00000001800018d0 f i Adjacencies.obj
 0001:000008e0       ?Init@AdjacenciesBuilder@physx@@QEAA_NAEBUADJACENCIESCREATE@2@@Z 00000001800018e0 f   Adjacencies.obj
 0001:00000e90       ?getAllocator@Foundation@shdfnd@physx@@QEAAAEAVPxAllocatorCallback@3@XZ 0000000180001e90 f i Adjacencies.obj
 0001:00000ea0       ?getAllocatorCallback@Foundation@shdfnd@physx@@UEAAAEAVPxAllocatorCallback@3@XZ 0000000180001ea0 f i Adjacencies.obj
 0001:00000eb0       ?getErrorLevel@Foundation@shdfnd@physx@@UEBA?AW4Enum@PxErrorCode@3@XZ 0000000180001eb0 f i Adjacencies.obj
 0001:00000ec0       ?getInternalErrorCallback@Foundation@shdfnd@physx@@QEAAAEAVPxErrorCallback@3@XZ 0000000180001ec0 f i Adjacencies.obj
 0001:00000ed0       ?getNamedAllocMap@Foundation@shdfnd@physx@@QEAAAEAV?$HashMap@PEBVNamedAllocator@shdfnd@physx@@PEBDU?$Hash@PEBVNamedAllocator@shdfnd@physx@@@23@VNonTrackingAllocator@23@@23@XZ 0000000180001ed0 f i Adjacencies.obj
 0001:00000ee0       ?getNamedAllocMutex@Foundation@shdfnd@physx@@QEAAAEAV?$MutexT@VAllocator@shdfnd@physx@@@23@XZ 0000000180001ee0 f i Adjacencies.obj
 0001:00000ef0       ?getReportAllocationNames@Foundation@shdfnd@physx@@UEBA_NXZ 0000000180001ef0 f i Adjacencies.obj
 0001:00000f00       ?getTempAllocFreeTable@Foundation@shdfnd@physx@@QEAAAEAV?$Array@PEATTempAllocatorChunk@shdfnd@physx@@VAllocator@23@@23@XZ 0000000180001f00 f i Adjacencies.obj
 0001:00000f10       ?getTempAllocMutex@Foundation@shdfnd@physx@@QEAAAEAV?$MutexT@VAllocator@shdfnd@physx@@@23@XZ 0000000180001f10 f i Adjacencies.obj
 0001:00000f20       ?invalidateRanks@RadixSort@Cm@physx@@QEAAXXZ 0000000180001f20 f i Adjacencies.obj
 0001:00000f30       ?setErrorLevel@Foundation@shdfnd@physx@@UEAAXW4Enum@PxErrorCode@3@@Z 0000000180001f30 f i Adjacencies.obj
 0001:00000f40       ?setReportAllocationNames@Foundation@shdfnd@physx@@UEAAX_N@Z 0000000180001f40 f i Adjacencies.obj
 0001:00000f50       ??0DebugText@Cm@physx@@QEAA@$$QEAU012@@Z 0000000180001f50 f i Cooking.obj
 0001:00000f50       ??0DebugText@Cm@physx@@QEAA@AEBU012@@Z 0000000180001f50 f i Cooking.obj
 0001:00001030       ??0HeightFieldData@Gu@physx@@QEAA@$$QEAU012@@Z 0000000180002030 f i Cooking.obj
 0001:00001030       ??4HeightFieldData@Gu@physx@@QEAAAEAU012@AEBU012@@Z 0000000180002030 f i Cooking.obj
 0001:00001030       ??4HeightFieldData@Gu@physx@@QEAAAEAU012@$$QEAU012@@Z 0000000180002030 f i Cooking.obj
 0001:00001030       ??0HeightFieldData@Gu@physx@@QEAA@AEBU012@@Z 0000000180002030 f i Cooking.obj
 0001:00001090       ??0HeightFieldData@Gu@physx@@QEAA@XZ 0000000180002090 f i Cooking.obj
 0001:000010a0       ??0RenderOutput@Cm@physx@@QEAA@AEAVRenderBuffer@12@@Z 00000001800020a0 f i Cooking.obj
 0001:000010f0       ??0RenderOutput@Cm@physx@@QEAA@AEBV012@@Z 00000001800020f0 f i Cooking.obj
 0001:00001190       ??1PxHeightField@physx@@MEAA@XZ 0000000180002190 f i Cooking.obj
 0001:00001190       ??1PxConvexMesh@physx@@MEAA@XZ 0000000180002190 f i Cooking.obj
 0001:000011a0       ??4DebugText@Cm@physx@@QEAAAEAU012@$$QEAU012@@Z 00000001800021a0 f i Cooking.obj
 0001:000011a0       ??4DebugText@Cm@physx@@QEAAAEAU012@AEBU012@@Z 00000001800021a0 f i Cooking.obj
 0001:000012d0       ??4FPUGuard@shdfnd@physx@@QEAAAEAV012@AEBV012@@Z 00000001800022d0 f i Cooking.obj
 0001:000012f0       ??_ECooking@physx@@UEAAPEAXI@Z 00000001800022f0 f i Cooking.obj
 0001:000012f0       ??_GCooking@physx@@UEAAPEAXI@Z 00000001800022f0 f i Cooking.obj
 0001:00001340       ??_EPxBase@physx@@MEAAPEAXI@Z 0000000180002340 f i Cooking.obj
 0001:00001340       ??_GPxBase@physx@@MEAAPEAXI@Z 0000000180002340 f i Cooking.obj
 0001:00001370       ??_EPxCooking@physx@@MEAAPEAXI@Z 0000000180002370 f i Cooking.obj
 0001:00001370       ??_GPxCooking@physx@@MEAAPEAXI@Z 0000000180002370 f i Cooking.obj
 0001:000013a0       ?allocate@?$Array@UPxDebugLine@physx@@V?$ReflectionAllocator@UPxDebugLine@physx@@@shdfnd@2@@shdfnd@physx@@IEAAPEAUPxDebugLine@3@I@Z 00000001800023a0 f i Cooking.obj
 0001:00001440       ?computeHullPolygons@Cooking@physx@@UEBA_NAEBVPxSimpleTriangleMesh@2@AEAVPxAllocatorCallback@2@AEAIAEAPEAVPxVec3@2@2AEAPEAI2AEAPEAUPxHullPolygon@2@@Z 0000000180002440 f   Cooking.obj
 0001:00001620       ?cookBVHStructure@Cooking@physx@@UEBA_NAEBVPxBVHStructureDesc@2@AEAVPxOutputStream@2@@Z 0000000180002620 f   Cooking.obj
 0001:000016d0       ?cookConvexMesh@Cooking@physx@@UEBA_NAEBVPxConvexMeshDesc@2@AEAVPxOutputStream@2@PEAW4Enum@PxConvexMeshCookingResult@2@@Z 00000001800026d0 f   Cooking.obj
 0001:000018b0       ?cookConvexMeshInternal@Cooking@physx@@AEBA_NAEBVPxConvexMeshDesc@2@AEAVConvexMeshBuilder@2@PEAVConvexHullLib@2@PEAW4Enum@PxConvexMeshCookingResult@2@@Z 00000001800028b0 f   Cooking.obj
 0001:00001b20       ?cookHeightField@Cooking@physx@@UEBA_NAEBVPxHeightFieldDesc@2@AEAVPxOutputStream@2@@Z 0000000180002b20 f   Cooking.obj
 0001:00001bf0       ?cookTriangleMesh@Cooking@physx@@UEBA_NAEBVPxTriangleMeshDesc@2@AEAVPxOutputStream@2@PEAW4Enum@PxTriangleMeshCookingResult@2@@Z 0000000180002bf0 f   Cooking.obj
 0001:00001d30       ?copy@?$Array@UPxDebugLine@physx@@V?$ReflectionAllocator@UPxDebugLine@physx@@@shdfnd@2@@shdfnd@physx@@KAXPEAUPxDebugLine@3@0PEBU43@@Z 0000000180002d30 f i Cooking.obj
 0001:00001ee0       ?createBVHStructure@Cooking@physx@@UEBAPEAVPxBVHStructure@2@AEBVPxBVHStructureDesc@2@AEAVPxPhysicsInsertionCallback@2@@Z 0000000180002ee0 f   Cooking.obj
 0001:00001f90       ?createConvexMesh@Cooking@physx@@UEBAPEAVPxConvexMesh@2@AEBVPxConvexMeshDesc@2@AEAVPxPhysicsInsertionCallback@2@PEAW4Enum@PxConvexMeshCookingResult@2@@Z 0000000180002f90 f   Cooking.obj
 0001:00002190       ?createHeightField@Cooking@physx@@UEBAPEAVPxHeightField@2@AEBVPxHeightFieldDesc@2@AEAVPxPhysicsInsertionCallback@2@@Z 0000000180003190 f   Cooking.obj
 0001:000022f0       ?createTriangleMesh@Cooking@physx@@UEBAPEAVPxTriangleMesh@2@AEBVPxTriangleMeshDesc@2@AEAVPxPhysicsInsertionCallback@2@PEAW4Enum@PxTriangleMeshCookingResult@2@@Z 00000001800032f0 f   Cooking.obj
 0001:00002440       ?getConcreteTypeName@PxConvexMesh@physx@@UEBAPEBDXZ 0000000180003440 f i Cooking.obj
 0001:00002450       ?getConcreteTypeName@PxHeightField@physx@@UEBAPEBDXZ 0000000180003450 f i Cooking.obj
 0001:00002460       ?getConvexEdgeThreshold@HeightField@Gu@physx@@UEBAMXZ 0000000180003460 f i Cooking.obj
 0001:00002470       ?getFlags@HeightField@Gu@physx@@UEBA?AV?$PxFlags@W4Enum@PxHeightFieldFlag@physx@@G@3@XZ 0000000180003470 f i Cooking.obj
 0001:00002480       ?getFormat@HeightField@Gu@physx@@UEBA?AW4Enum@PxHeightFieldFormat@3@XZ 0000000180003480 f i Cooking.obj
 0001:00002490       ?getHeight@HeightField@Gu@physx@@UEBAMMM@Z 0000000180003490 f i Cooking.obj
 0001:000024d0       ?getHeightInternal2@HeightField@Gu@physx@@QEBAMIMM@Z 00000001800034d0 f i Cooking.obj
 0001:00002640       ?getIndexBuffer@ConvexMesh@Gu@physx@@UEBAPEBEXZ 0000000180003640 f i Cooking.obj
 0001:00002680       ?getNbColumns@HeightField@Gu@physx@@UEBAIXZ 0000000180003680 f i Cooking.obj
 0001:00002690       ?getNbPolygons@ConvexMesh@Gu@physx@@UEBAIXZ 0000000180003690 f i Cooking.obj
 0001:000026a0       ?getNbRows@HeightField@Gu@physx@@UEBAIXZ 00000001800036a0 f i Cooking.obj
 0001:000026b0       ?getNbVertices@ConvexMesh@Gu@physx@@UEBAIXZ 00000001800036b0 f i Cooking.obj
 0001:000026c0       ?getParams@Cooking@physx@@UEBAAEBUPxCookingParams@2@XZ 00000001800036c0 f   Cooking.obj
 0001:000026c0       ?getDenormalizeScale@QuantizerImpl@@UEBAAEBVPxVec3@physx@@XZ 00000001800036c0 f   Quantizer.obj
 0001:000026d0       ?getSample@HeightField@Gu@physx@@UEBAAEBUPxHeightFieldSample@3@II@Z 00000001800036d0 f i Cooking.obj
 0001:000026e0       ?getSampleStride@HeightField@Gu@physx@@UEBAIXZ 00000001800036e0 f i Cooking.obj
 0001:000026f0       ?getTimestamp@HeightField@Gu@physx@@UEBAIXZ 00000001800036f0 f i Cooking.obj
 0001:00002700       ?getTriangleMaterialIndex@HeightField@Gu@physx@@UEBAGI@Z 0000000180003700 f i Cooking.obj
 0001:00002730       ?getTriangleNormal@HeightField@Gu@physx@@UEBA?AVPxVec3@3@I@Z 0000000180003730 f i Cooking.obj
 0001:00002830       ?getVertices@ConvexMesh@Gu@physx@@UEBAPEBVPxVec3@3@XZ 0000000180003830 f i Cooking.obj
 0001:00002850       ?isKindOf@PxBase@physx@@MEBA_NPEBD@Z 0000000180003850 f i Cooking.obj
 0001:00002880       ?isKindOf@PxConvexMesh@physx@@MEBA_NPEBD@Z 0000000180003880 f i Cooking.obj
 0001:000028d0       ?isKindOf@PxHeightField@physx@@MEBA_NPEBD@Z 00000001800038d0 f i Cooking.obj
 0001:00002920       ?isReleasable@PxBase@physx@@UEBA_NXZ 0000000180003920 f i Cooking.obj
 0001:00002930       ?outputSegment@RenderOutput@Cm@physx@@QEAAXAEBVPxVec3@3@0@Z 0000000180003930 f i Cooking.obj
 0001:000029f0       ?platformMismatch@Cooking@physx@@UEBA_NXZ 00000001800039f0 f   Cooking.obj
 0001:00002a00       ?preExportDataReset@ConvexMesh@Gu@physx@@QEAAXXZ 0000000180003a00 f i Cooking.obj
 0001:00002a00       ?preExportDataReset@HeightField@Gu@physx@@QEAAXXZ 0000000180003a00 f i Cooking.obj
 0001:00002a10       ?recreate@?$Array@UPxDebugLine@physx@@V?$ReflectionAllocator@UPxDebugLine@physx@@@shdfnd@2@@shdfnd@physx@@IEAAXI@Z 0000000180003a10 f i Cooking.obj
 0001:00002aa0       ?release@Cooking@physx@@UEAAXXZ 0000000180003aa0 f   Cooking.obj
 0001:00002ac0       ?reserveSegments@RenderOutput@Cm@physx@@QEAAPEAUPxDebugLine@3@I@Z 0000000180003ac0 f i Cooking.obj
 0001:00002b30       ?setParams@Cooking@physx@@UEAAXAEBUPxCookingParams@2@@Z 0000000180003b30 f   Cooking.obj
 0001:00002b90       ?validateConvexMesh@Cooking@physx@@UEBA_NAEBVPxConvexMeshDesc@2@@Z 0000000180003b90 f   Cooking.obj
 0001:00002bf0       ?validateTriangleMesh@Cooking@physx@@UEBA_NAEBVPxTriangleMeshDesc@2@@Z 0000000180003bf0 f   Cooking.obj
 0001:00002d00       PxCreateCooking            0000000180003d00 f   Cooking.obj
 0001:00002df0       ??0ReducedVertexCloud@physx@@QEAA@PEBVPxVec3@1@I@Z 0000000180003df0 f   CookingUtils.obj
 0001:00002e10       ??1ReducedVertexCloud@physx@@QEAA@XZ 0000000180003e10 f   CookingUtils.obj
 0001:00002e20       ?Clean@ReducedVertexCloud@physx@@QEAAAEAV12@XZ 0000000180003e20 f   CookingUtils.obj
 0001:00002e90       ?Reduce@ReducedVertexCloud@physx@@QEAA_NPEAUREDUCEDCLOUD@2@@Z 0000000180003e90 f   CookingUtils.obj
 0001:000031b0       ??$?_UI@@YAPEAX_KV?$ReflectionAllocator@I@shdfnd@physx@@PEBDH@Z 00000001800041b0 f i EdgeList.obj
 0001:00003250       ??0EdgeListBuilder@Gu@physx@@QEAA@XZ 0000000180004250 f   EdgeList.obj
 0001:00003270       ??1EdgeList@Gu@physx@@QEAA@XZ 0000000180004270 f   EdgeList.obj
 0001:00003310       ??1EdgeListBuilder@Gu@physx@@QEAA@XZ 0000000180004310 f   EdgeList.obj
 0001:00003320       ?computeActiveEdges@EdgeListBuilder@Gu@physx@@AEAA_NIPEBIPEBGPEBVPxVec3@3@M@Z 0000000180004320 f   EdgeList.obj
 0001:000048d0       ?createEdgesToFaces@EdgeListBuilder@Gu@physx@@AEAA_NIPEBIPEBG@Z 00000001800058d0 f   EdgeList.obj
 0001:00004b30       ?createFacesToEdges@EdgeListBuilder@Gu@physx@@AEAA_NIPEBIPEBG@Z 0000000180005b30 f   EdgeList.obj
 0001:00004fa0       ?init@EdgeListBuilder@Gu@physx@@QEAA_NAEBUEDGELISTCREATE@23@@Z 0000000180005fa0 f   EdgeList.obj
 0001:000050d0       ??0MeshCleaner@physx@@QEAA@IPEBVPxVec3@1@IPEBIM@Z 00000001800060d0 f   MeshCleaner.obj
 0001:00005a70       ??1MeshCleaner@physx@@QEAA@XZ 0000000180006a70 f   MeshCleaner.obj
 0001:00005b00       ??$kmeans_cluster@VPxVec3@physx@@M@@YAIPEBVPxVec3@physx@@IIPEAV01@PEAIMM@Z 0000000180006b00 f i Quantizer.obj
 0001:00006420       ??_GQuantizer@physx@@MEAAPEAXI@Z 0000000180007420 f i Quantizer.obj
 0001:00006420       ??_EQuantizer@physx@@MEAAPEAXI@Z 0000000180007420 f i Quantizer.obj
 0001:00006450       ??_GQuantizerImpl@@EEAAPEAXI@Z 0000000180007450 f i Quantizer.obj
 0001:00006450       ??_EQuantizerImpl@@EEAAPEAXI@Z 0000000180007450 f i Quantizer.obj
 0001:00006520       ?createQuantizer@physx@@YAPEAVQuantizer@1@XZ 0000000180007520 f   Quantizer.obj
 0001:000065d0       ?getDenormalizeCenter@QuantizerImpl@@UEBAAEBVPxVec3@physx@@XZ 00000001800075d0 f i Quantizer.obj
 0001:000065e0       ?growAndPushBack@?$Array@VPxVec3@physx@@V?$ReflectionAllocator@VPxVec3@physx@@@shdfnd@2@@shdfnd@physx@@IEAAAEAVPxVec3@3@AEBV43@@Z 00000001800075e0 f i Quantizer.obj
 0001:000067b0       ?kmeansQuantize3D@QuantizerImpl@@UEAAPEBVPxVec3@physx@@IPEBV23@I_NIAEAI@Z 00000001800077b0 f i Quantizer.obj
 0001:00006a10       ?normalizeInput@QuantizerImpl@@AEAAXIPEBVPxVec3@physx@@I@Z 0000000180007a10 f i Quantizer.obj
 0001:00006e40       ?release@QuantizerImpl@@UEAAXXZ 0000000180007e40 f i Quantizer.obj
 0001:00006e60       ??$copy@V?$ReflectionAllocator@USlab@NodeAllocator@Gu@physx@@@shdfnd@physx@@@?$Array@USlab@NodeAllocator@Gu@physx@@V?$ReflectionAllocator@USlab@NodeAllocator@Gu@physx@@@shdfnd@4@@shdfnd@physx@@IEAAXAEBV012@@Z 0000000180007e60 f i BVHStructureBuilder.obj
 0001:00006ee0       ??0AABBTreeBuildNode@Gu@physx@@QEAA@AEBV012@@Z 0000000180007ee0 f i BVHStructureBuilder.obj
 0001:00006ee0       ??4AABBTreeBuildNode@Gu@physx@@QEAAAEAV012@AEBV012@@Z 0000000180007ee0 f i BVHStructureBuilder.obj
 0001:00006f20       ??0AABBTreeBuildParams@Gu@physx@@QEAA@IIPEBVPxBounds3@2@@Z 0000000180007f20 f i BVHStructureBuilder.obj
 0001:00006f40       ??0BVHStructureBuilder@physx@@QEAA@XZ 0000000180007f40 f   BVHStructureBuilder.obj
 0001:00006f60       ??0BuildStats@Gu@physx@@QEAA@XZ 0000000180007f60 f i BVHStructureBuilder.obj
 0001:00006f70       ??0NodeAllocator@Gu@physx@@QEAA@AEBV012@@Z 0000000180007f70 f i BVHStructureBuilder.obj
 0001:00006fb0       ?reset@AABBTreeBuildParams@Gu@physx@@QEAAXXZ 0000000180007fb0 f i BVHStructureBuilder.obj
 0001:00006fb0       ??1AABBTreeBuildParams@Gu@physx@@QEAA@XZ 0000000180007fb0 f i BVHStructureBuilder.obj
 0001:00007010       ??1BVHStructureBuilder@physx@@QEAA@XZ 0000000180008010 f   BVHStructureBuilder.obj
 0001:00007090       ??4AABBTreeBuildParams@Gu@physx@@QEAAAEAV012@AEBV012@@Z 0000000180008090 f i BVHStructureBuilder.obj
 0001:000070b0       ??4BuildStats@Gu@physx@@QEAAAEAU012@$$QEAU012@@Z 00000001800080b0 f i BVHStructureBuilder.obj
 0001:000070c0       ??4BuildStats@Gu@physx@@QEAAAEAU012@AEBU012@@Z 00000001800080c0 f i BVHStructureBuilder.obj
 0001:000070d0       ??4NodeAllocator@Gu@physx@@QEAAAEAV012@AEBV012@@Z 00000001800080d0 f i BVHStructureBuilder.obj
 0001:00007180       ??_FAABBTreeBuildParams@Gu@physx@@QEAAXXZ 0000000180008180 f i BVHStructureBuilder.obj
 0001:000071a0       ?__global_delete@@YAXPEAX_K@Z 00000001800081a0 f i BVHStructureBuilder.obj
 0001:000071a0       ??_V@YAXPEAX_K@Z           00000001800081a0 f i LIBCMT:delete_array_size.obj
 0001:000071b0       ?allocate@?$Array@USlab@NodeAllocator@Gu@physx@@V?$ReflectionAllocator@USlab@NodeAllocator@Gu@physx@@@shdfnd@4@@shdfnd@physx@@IEAAPEAUSlab@NodeAllocator@Gu@3@I@Z 00000001800081b0 f i BVHStructureBuilder.obj
 0001:00007250       ?getCount@BuildStats@Gu@physx@@QEBAIXZ 0000000180008250 f i BVHStructureBuilder.obj
 0001:00007260       ?getNbPrimitives@AABBTreeBuildNode@Gu@physx@@QEBAIXZ 0000000180008260 f i BVHStructureBuilder.obj
 0001:00007260       ?getNbRuntimePrimitives@AABBTreeBuildNode@Gu@physx@@QEBAIXZ 0000000180008260 f i BVHStructureBuilder.obj
 0001:00007270       ?getNeg@AABBTreeBuildNode@Gu@physx@@QEBAPEBV123@XZ 0000000180008270 f i BVHStructureBuilder.obj
 0001:00007290       ?getPrimitives@AABBTreeBuildNode@Gu@physx@@QEBAPEBIPEBI@Z 0000000180008290 f i BVHStructureBuilder.obj
 0001:00007290       ?getPrimitives@AABBTreeBuildNode@Gu@physx@@QEAAPEAIPEAI@Z 0000000180008290 f i BVHStructureBuilder.obj
 0001:000072a0       ?increaseCount@BuildStats@Gu@physx@@QEAAXI@Z 00000001800082a0 f i BVHStructureBuilder.obj
 0001:000072b0       ?isLeaf@AABBTreeBuildNode@Gu@physx@@QEBA_NXZ 00000001800082b0 f i BVHStructureBuilder.obj
 0001:000072c0       ?loadFromDesc@BVHStructureBuilder@physx@@QEAA_NAEBVPxBVHStructureDesc@2@@Z 00000001800082c0 f   BVHStructureBuilder.obj
 0001:00007650       ?moveData@BVHStructureBuilder@physx@@QEAAXAEAUBVHStructureData@Gu@2@@Z 0000000180008650 f   BVHStructureBuilder.obj
 0001:00007690       ?recreate@?$Array@USlab@NodeAllocator@Gu@physx@@V?$ReflectionAllocator@USlab@NodeAllocator@Gu@physx@@@shdfnd@4@@shdfnd@physx@@IEAAXI@Z 0000000180008690 f i BVHStructureBuilder.obj
 0001:00007740       ?reset@BuildStats@Gu@physx@@QEAAXXZ 0000000180008740 f i BVHStructureBuilder.obj
 0001:00007750       ?save@BVHStructureBuilder@physx@@QEBA_NAEAVPxOutputStream@2@_N@Z 0000000180008750 f   BVHStructureBuilder.obj
 0001:000078d0       ?setCount@BuildStats@Gu@physx@@QEAAXI@Z 00000001800088d0 f i BVHStructureBuilder.obj
 0001:000078e0       ?setNbRunTimePrimitives@AABBTreeBuildNode@Gu@physx@@QEAAXI@Z 00000001800088e0 f i BVHStructureBuilder.obj
 0001:000078f0       ?saveHeightField@physx@@YA_NAEBVHeightField@Gu@1@AEAVPxOutputStream@1@_N@Z 00000001800088f0 f   HeightFieldCooking.obj
 0001:00007b30       ??$quickSelectFirstK@UBoundsLTE@physx@@@quickSelect@physx@@YAXPEIAIIIIAEBUBoundsLTE@1@@Z 0000000180008b30 f i RTreeCooking.obj
 0001:00007d10       ??$smallSort@I$$CBUSortBoundsPredicate@physx@@@internal@shdfnd@physx@@YAXPEAIHHAEBUSortBoundsPredicate@2@@Z 0000000180008d10 f i RTreeCooking.obj
 0001:00007fe0       ??$sort@IU?$Less@I@shdfnd@physx@@V?$ReflectionAllocator@I@23@@shdfnd@physx@@YAXPEAIIAEBU?$Less@I@01@AEBV?$ReflectionAllocator@I@01@I@Z 0000000180008fe0 f i RTreeCooking.obj
 0001:00008430       ??$sort@IUSortBoundsPredicate@physx@@V?$ReflectionAllocator@I@shdfnd@2@@shdfnd@physx@@YAXPEAIIAEBUSortBoundsPredicate@1@AEBV?$ReflectionAllocator@I@01@I@Z 0000000180009430 f i RTreeCooking.obj
 0001:00008930       ?allocate@?$Array@UInterval@physx@@V?$InlineAllocator@$0CAAA@V?$ReflectionAllocator@UInterval@physx@@@shdfnd@physx@@@shdfnd@2@@shdfnd@physx@@IEAAPEAUInterval@3@I@Z 0000000180009930 f i RTreeCooking.obj
 0001:000089f0       ?allocate@?$Array@UPxBounds3V@physx@@V?$ReflectionAllocator@UPxBounds3V@physx@@@shdfnd@2@@shdfnd@physx@@IEAAPEAUPxBounds3V@3@I@Z 00000001800099f0 f i RTreeCooking.obj
 0001:00008a90       ?allocate@?$Array@URTreeNodeNQ@physx@@V?$ReflectionAllocator@URTreeNodeNQ@physx@@@shdfnd@2@@shdfnd@physx@@IEAAPEAURTreeNodeNQ@3@I@Z 0000000180009a90 f i RTreeCooking.obj
 0001:00008b30       ?allocate@?$Array@URTreeNodeQ@Gu@physx@@V?$ReflectionAllocator@URTreeNodeQ@Gu@physx@@@shdfnd@3@@shdfnd@physx@@IEAAPEAURTreeNodeQ@Gu@3@I@Z 0000000180009b30 f i RTreeCooking.obj
 0001:00008bd0       ?allocate@?$Array@VPxVec3@physx@@V?$ReflectionAllocator@VPxVec3@physx@@@shdfnd@2@@shdfnd@physx@@IEAAPEAVPxVec3@3@I@Z 0000000180009bd0 f i RTreeCooking.obj
 0001:00008c70       ?allocate@?$ReflectionAllocator@I@shdfnd@physx@@QEAAPEAX_KPEBDH@Z 0000000180009c70 f i RTreeCooking.obj
 0001:00009940       ?buildFromTriangles@RTreeCooker@physx@@SAXAEAURTree@Gu@2@PEBVPxVec3@2@IPEBGPEBIIAEAV?$Array@IV?$ReflectionAllocator@I@shdfnd@physx@@@shdfnd@2@PEAURemapCallback@12@MW4Enum@PxMeshCookingHint@2@@Z 000000018000a940 f   RTreeCooking.obj
 0001:00009be0       ?copy@?$Array@URTreeNodeNQ@physx@@V?$ReflectionAllocator@URTreeNodeNQ@physx@@@shdfnd@2@@shdfnd@physx@@KAXPEAURTreeNodeNQ@3@0PEBU43@@Z 000000018000abe0 f i RTreeCooking.obj
 0001:00009da0       ?copy@?$Array@VPxVec3@physx@@V?$ReflectionAllocator@VPxVec3@physx@@@shdfnd@2@@shdfnd@physx@@KAXPEAVPxVec3@3@0PEBV43@@Z 000000018000ada0 f i RTreeCooking.obj
 0001:00009e70       ?growAndPushBack@?$Array@IV?$ReflectionAllocator@I@shdfnd@physx@@@shdfnd@physx@@IEAAAEAIAEBI@Z 000000018000ae70 f i RTreeCooking.obj
 0001:00009f40       ?growAndPushBack@?$Array@UInterval@physx@@V?$InlineAllocator@$0CAAA@V?$ReflectionAllocator@UInterval@physx@@@shdfnd@physx@@@shdfnd@2@@shdfnd@physx@@IEAAAEAUInterval@3@AEBU43@@Z 000000018000af40 f i RTreeCooking.obj
 0001:0000a020       ?growAndPushBack@?$Array@UPxBounds3V@physx@@V?$ReflectionAllocator@UPxBounds3V@physx@@@shdfnd@2@@shdfnd@physx@@IEAAAEAUPxBounds3V@3@AEBU43@@Z 000000018000b020 f i RTreeCooking.obj
 0001:0000a0f0       ?growAndPushBack@?$Array@URTreeNodeNQ@physx@@V?$ReflectionAllocator@URTreeNodeNQ@physx@@@shdfnd@2@@shdfnd@physx@@IEAAAEAURTreeNodeNQ@3@AEBU43@@Z 000000018000b0f0 f i RTreeCooking.obj
 0001:0000a1c0       ?growAndPushBack@?$Array@URTreeNodeQ@Gu@physx@@V?$ReflectionAllocator@URTreeNodeQ@Gu@physx@@@shdfnd@3@@shdfnd@physx@@IEAAAEAURTreeNodeQ@Gu@3@AEBU453@@Z 000000018000b1c0 f i RTreeCooking.obj
 0001:0000a2a0       ?recreate@?$Array@IV?$ReflectionAllocator@I@shdfnd@physx@@@shdfnd@physx@@IEAAXI@Z 000000018000b2a0 f i RTreeCooking.obj
 0001:0000a360       ?recreate@?$Array@UPxBounds3V@physx@@V?$ReflectionAllocator@UPxBounds3V@physx@@@shdfnd@2@@shdfnd@physx@@IEAAXI@Z 000000018000b360 f i RTreeCooking.obj
 0001:0000a410       ?recreate@?$Array@URTreeNodeNQ@physx@@V?$ReflectionAllocator@URTreeNodeNQ@physx@@@shdfnd@2@@shdfnd@physx@@IEAAXI@Z 000000018000b410 f i RTreeCooking.obj
 0001:0000a4a0       ?recreate@?$Array@URTreeNodeQ@Gu@physx@@V?$ReflectionAllocator@URTreeNodeQ@Gu@physx@@@shdfnd@3@@shdfnd@physx@@IEAAXI@Z 000000018000b4a0 f i RTreeCooking.obj
 0001:0000a560       ?recreate@?$Array@VPxVec3@physx@@V?$ReflectionAllocator@VPxVec3@physx@@@shdfnd@2@@shdfnd@physx@@IEAAXI@Z 000000018000b560 f i RTreeCooking.obj
 0001:0000a5f0       ?resize@?$Array@IV?$ReflectionAllocator@I@shdfnd@physx@@@shdfnd@physx@@QEAAXIAEBI@Z 000000018000b5f0 f i RTreeCooking.obj
 0001:0000a6b0       ?resizeUninitialized@?$Array@URTreeNodeNQ@physx@@V?$ReflectionAllocator@URTreeNodeNQ@physx@@@shdfnd@2@@shdfnd@physx@@QEAAXI@Z 000000018000b6b0 f i RTreeCooking.obj
 0001:0000a6f0       ?sort4@SubSortQuick@physx@@QEAAXPEIAIIAEAV?$Array@URTreeNodeNQ@physx@@V?$ReflectionAllocator@URTreeNodeNQ@physx@@@shdfnd@2@@shdfnd@2@AEAIAEAUPxBounds3V@2@I@Z 000000018000b6f0 f i RTreeCooking.obj
 0001:0000aa80       ?sort4@SubSortSAH@physx@@QEAAXPEAIIAEAV?$Array@URTreeNodeNQ@physx@@V?$ReflectionAllocator@URTreeNodeNQ@physx@@@shdfnd@2@@shdfnd@2@AEAIIPEAURTreeNodeNQ@2@@Z 000000018000ba80 f i RTreeCooking.obj
 0001:0000b150       ?split@SubSortSAH@physx@@QEAAIPEAII@Z 000000018000c150 f i RTreeCooking.obj
 0001:0000b880       ?computeLocalBounds@MeshBulider@physx@@IEAAXAEAVMeshDataBase@Gu@2@@Z 000000018000c880 f   MeshBuilder.obj
 0001:0000b910       ??$?_UG@@YAPEAX_KV?$ReflectionAllocator@G@shdfnd@physx@@PEBDH@Z 000000018000c910 f i TriangleMeshBuilder.obj
 0001:0000b9b0       ??$sort@UEdgeTriLookup@physx@@U?$Less@UEdgeTriLookup@physx@@@shdfnd@2@V?$ReflectionAllocator@UEdgeTriLookup@physx@@@42@@shdfnd@physx@@YAXPEAUEdgeTriLookup@1@IAEBU?$Less@UEdgeTriLookup@physx@@@01@AEBV?$ReflectionAllocator@UEdgeTriLookup@physx@@@01@I@Z 000000018000c9b0 f i TriangleMeshBuilder.obj
 0001:0000bf30       ??0BV4TriangleMeshBuilder@physx@@QEAA@AEBUPxCookingParams@1@@Z 000000018000cf30 f   TriangleMeshBuilder.obj
 0001:0000c000       ??0RTreeTriangleMeshBuilder@physx@@QEAA@AEBUPxCookingParams@1@@Z 000000018000d000 f   TriangleMeshBuilder.obj
 0001:0000c0c0       ??1BV4TriangleMeshBuilder@physx@@UEAA@XZ 000000018000d0c0 f   TriangleMeshBuilder.obj
 0001:0000c120       ??1MeshDataBase@Gu@physx@@UEAA@XZ 000000018000d120 f i TriangleMeshBuilder.obj
 0001:0000c200       ??1RTreeTriangleData@Gu@physx@@UEAA@XZ 000000018000d200 f i TriangleMeshBuilder.obj
 0001:0000c270       ??1RTreeTriangleMeshBuilder@physx@@UEAA@XZ 000000018000d270 f   TriangleMeshBuilder.obj
 0001:0000c2a0       ??1TriangleMeshBuilder@physx@@UEAA@XZ 000000018000d2a0 f   TriangleMeshBuilder.obj
 0001:0000c300       ??1TriangleMeshData@Gu@physx@@UEAA@XZ 000000018000d300 f i TriangleMeshBuilder.obj
 0001:0000c3d0       ??_EBV4TriangleData@Gu@physx@@UEAAPEAXI@Z 000000018000d3d0 f i TriangleMeshBuilder.obj
 0001:0000c3d0       ??_GBV4TriangleData@Gu@physx@@UEAAPEAXI@Z 000000018000d3d0 f i TriangleMeshBuilder.obj
 0001:0000c450       ??_GBV4TriangleMeshBuilder@physx@@UEAAPEAXI@Z 000000018000d450 f i TriangleMeshBuilder.obj
 0001:0000c450       ??_EBV4TriangleMeshBuilder@physx@@UEAAPEAXI@Z 000000018000d450 f i TriangleMeshBuilder.obj
 0001:0000c4d0       ??_EMeshDataBase@Gu@physx@@UEAAPEAXI@Z 000000018000d4d0 f i TriangleMeshBuilder.obj
 0001:0000c4d0       ??_GMeshDataBase@Gu@physx@@UEAAPEAXI@Z 000000018000d4d0 f i TriangleMeshBuilder.obj
 0001:0000c530       ??_ERTreeCookerRemap@physx@@UEAAPEAXI@Z 000000018000d530 f i TriangleMeshBuilder.obj
 0001:0000c530       ??_GRTreeCookerRemap@physx@@UEAAPEAXI@Z 000000018000d530 f i TriangleMeshBuilder.obj
 0001:0000c560       ??_GRTreeTriangleData@Gu@physx@@UEAAPEAXI@Z 000000018000d560 f i TriangleMeshBuilder.obj
 0001:0000c560       ??_ERTreeTriangleData@Gu@physx@@UEAAPEAXI@Z 000000018000d560 f i TriangleMeshBuilder.obj
 0001:0000c5c0       ??_GRTreeTriangleMeshBuilder@physx@@UEAAPEAXI@Z 000000018000d5c0 f i TriangleMeshBuilder.obj
 0001:0000c5c0       ??_ERTreeTriangleMeshBuilder@physx@@UEAAPEAXI@Z 000000018000d5c0 f i TriangleMeshBuilder.obj
 0001:0000c610       ??_ERemapCallback@RTreeCooker@physx@@UEAAPEAXI@Z 000000018000d610 f i TriangleMeshBuilder.obj
 0001:0000c610       ??_GRemapCallback@RTreeCooker@physx@@UEAAPEAXI@Z 000000018000d610 f i TriangleMeshBuilder.obj
 0001:0000c640       ??_GTriangleMeshBuilder@physx@@UEAAPEAXI@Z 000000018000d640 f i TriangleMeshBuilder.obj
 0001:0000c640       ??_ETriangleMeshBuilder@physx@@UEAAPEAXI@Z 000000018000d640 f i TriangleMeshBuilder.obj
 0001:0000c680       ??_ETriangleMeshData@Gu@physx@@UEAAPEAXI@Z 000000018000d680 f i TriangleMeshBuilder.obj
 0001:0000c680       ??_GTriangleMeshData@Gu@physx@@UEAAPEAXI@Z 000000018000d680 f i TriangleMeshBuilder.obj
 0001:0000c6e0       ?allocateTriangles@TriangleMeshData@Gu@physx@@QEAAPEAXI_NI@Z 000000018000d6e0 f i TriangleMeshBuilder.obj
 0001:0000c7c0       ?allocateVertices@MeshDataBase@Gu@physx@@QEAAPEAVPxVec3@3@I@Z 000000018000d7c0 f i TriangleMeshBuilder.obj
 0001:0000cd00       ?checkMeshIndicesSize@TriangleMeshBuilder@physx@@QEAAXXZ 000000018000dd00 f   TriangleMeshBuilder.obj
 0001:0000ce10       ?cleanMesh@TriangleMeshBuilder@physx@@QEAA_N_NPEAW4Enum@PxTriangleMeshCookingResult@2@@Z 000000018000de10 f   TriangleMeshBuilder.obj
 0001:0000d300       ?createGRBMidPhaseAndData@TriangleMeshBuilder@physx@@QEAAXI@Z 000000018000e300 f   TriangleMeshBuilder.obj
 0001:0000d580       ?createMidPhaseStructure@BV32TriangleMeshBuilder@physx@@SAXAEBUPxCookingParams@2@AEAVTriangleMeshData@Gu@2@AEAVBV32Tree@52@@Z 000000018000e580 f   TriangleMeshBuilder.obj
 0001:0000d750       ?createMidPhaseStructure@BV4TriangleMeshBuilder@physx@@UEAAXXZ 000000018000e750 f   TriangleMeshBuilder.obj
 0001:0000da10       ?createMidPhaseStructure@RTreeTriangleMeshBuilder@physx@@UEAAXXZ 000000018000ea10 f   TriangleMeshBuilder.obj
 0001:0000daf0       ?createSharedEdgeData@TriangleMeshBuilder@physx@@QEAAX_N0@Z 000000018000eaf0 f   TriangleMeshBuilder.obj
 0001:0000e1a0       ?getMidphaseID@BV4TriangleMeshBuilder@physx@@UEBA?AW4Enum@PxMeshMidPhase@2@XZ 000000018000f1a0 f i TriangleMeshBuilder.obj
 0001:0000e1a0       _get_startup_argv_mode     000000018000f1a0 f i LIBCMT:argv_mode.obj
 0001:0000e1a0       DllMain                    000000018000f1a0 f i LIBCMT:dll_dllmain_stub.obj
 0001:0000e1a0       ?length@charNode@@UEBAHXZ  000000018000f1a0 f i libvcruntime:undname.obj
 0001:0000e1a0       ?raw_length@charNode@@UEBAHXZ 000000018000f1a0 f i libvcruntime:undname.obj
 0001:0000e1b0       ?getMidphaseID@RTreeTriangleMeshBuilder@physx@@UEBA?AW4Enum@PxMeshMidPhase@2@XZ 000000018000f1b0 f i TriangleMeshBuilder.obj
 0001:0000e1c0       ?importMesh@TriangleMeshBuilder@physx@@IEAA_NAEBVPxTriangleMeshDesc@2@AEBUPxCookingParams@2@PEAW4Enum@PxTriangleMeshCookingResult@2@_N@Z 000000018000f1c0 f   TriangleMeshBuilder.obj
 0001:0000e540       ?loadFromDesc@TriangleMeshBuilder@physx@@QEAA_NAEBVPxTriangleMeshDesc@2@PEAW4Enum@PxTriangleMeshCookingResult@2@_N@Z 000000018000f540 f   TriangleMeshBuilder.obj
 0001:0000e9c0       ?onMeshIndexFormatChange@BV4TriangleMeshBuilder@physx@@UEAAXXZ 000000018000f9c0 f   TriangleMeshBuilder.obj
 0001:0000ea00       ?remap@RTreeCookerRemap@physx@@UEAAXPEAIII@Z 000000018000fa00 f i TriangleMeshBuilder.obj
 0001:0000ea20       ?remapTopology@TriangleMeshBuilder@physx@@QEAAXPEBI@Z 000000018000fa20 f   TriangleMeshBuilder.obj
 0001:0000ed20       ?save@TriangleMeshBuilder@physx@@QEBA_NAEAVPxOutputStream@2@_NAEBUPxCookingParams@2@@Z 000000018000fd20 f   TriangleMeshBuilder.obj
 0001:0000f300       ?saveMidPhaseStructure@BV4TriangleMeshBuilder@physx@@UEBAXAEAVPxOutputStream@2@_N@Z 0000000180010300 f   TriangleMeshBuilder.obj
 0001:0000f4a0       ?saveMidPhaseStructure@RTreeTriangleMeshBuilder@physx@@UEBAXAEAVPxOutputStream@2@_N@Z 00000001800104a0 f   TriangleMeshBuilder.obj
 0001:0000f6e0       ??0BigConvexDataBuilder@physx@@QEAA@PEBUConvexHullData@Gu@1@PEAVBigConvexData@1@PEBVPxVec3@1@@Z 00000001800106e0 f   BigConvexDataBuilder.obj
 0001:0000f6f0       ??4BigConvexData@physx@@QEAAAEAV01@AEBV01@@Z 00000001800106f0 f i BigConvexDataBuilder.obj
 0001:0000f710       ?GetAdjacentVerts@BigConvexData@physx@@QEBAPEBEXZ 0000000180010710 f i BigConvexDataBuilder.obj
 0001:0000f720       ?GetNbNeighbors@BigConvexData@physx@@QEBAGI@Z 0000000180010720 f i BigConvexDataBuilder.obj
 0001:0000f720       ?GetValency@BigConvexData@physx@@QEBAGI@Z 0000000180010720 f i BigConvexDataBuilder.obj
 0001:0000f730       ?GetNbSamples@BigConvexData@physx@@QEBAIXZ 0000000180010730 f i BigConvexDataBuilder.obj
 0001:0000f740       ?raw_length@pcharNode@@UEBAHXZ 0000000180010740 f i libvcruntime:undname.obj
 0001:0000f740       ?GetNbVerts@BigConvexData@physx@@QEBAIXZ 0000000180010740 f i BigConvexDataBuilder.obj
 0001:0000f740       ?length@pcharNode@@UEBAHXZ 0000000180010740 f i libvcruntime:undname.obj
 0001:0000f750       ?GetNeighbors@BigConvexData@physx@@QEBAPEBEI@Z 0000000180010750 f i BigConvexDataBuilder.obj
 0001:0000f760       ?GetOffset@BigConvexData@physx@@QEBAGI@Z 0000000180010760 f i BigConvexDataBuilder.obj
 0001:0000f770       ?GetSubdiv@BigConvexData@physx@@QEBAIXZ 0000000180010770 f i BigConvexDataBuilder.obj
 0001:0000f780       ?computeValencies@BigConvexDataBuilder@physx@@QEAA_NAEBVConvexHullBuilder@2@@Z 0000000180010780 f   BigConvexDataBuilder.obj
 0001:0000fb70       ?precompute@BigConvexDataBuilder@physx@@QEAA_NI@Z 0000000180010b70 f   BigConvexDataBuilder.obj
 0001:000107b0       ?save@BigConvexDataBuilder@physx@@QEBA_NAEAVPxOutputStream@2@_N@Z 00000001800117b0 f   BigConvexDataBuilder.obj
 0001:000109f0       ??$?_UE@@YAPEAX_KV?$ReflectionAllocator@E@shdfnd@physx@@PEBDH@Z 00000001800119f0 f i ConvexHullBuilder.obj
 0001:00010a90       ??0ConvexHullBuilder@physx@@QEAA@PEAUConvexHullData@Gu@1@_N@Z 0000000180011a90 f   ConvexHullBuilder.obj
 0001:00010ac0       ??1ConvexHullBuilder@physx@@QEAA@XZ 0000000180011ac0 f   ConvexHullBuilder.obj
 0001:00010bc0       ?calculateVertexMapTable@ConvexHullBuilder@physx@@QEAA_NI_N@Z 0000000180011bc0 f   ConvexHullBuilder.obj
 0001:00010dd0       ?checkHullPolygons@ConvexHullBuilder@physx@@QEBA_NXZ 0000000180011dd0 f   ConvexHullBuilder.obj
 0001:000113b0       ?computeGeomCenter@ConvexHullBuilder@physx@@IEBA_NAEAVPxVec3@2@IPEAUHullTriangleData@2@@Z 00000001800123b0 f   ConvexHullBuilder.obj
 0001:00011670       ?copy@ConvexHullBuilder@physx@@QEAA_NAEAUConvexHullData@Gu@2@AEAI@Z 0000000180012670 f   ConvexHullBuilder.obj
 0001:000118f0       ?createEdgeList@ConvexHullBuilder@physx@@QEAA_N_NI@Z 00000001800128f0 f   ConvexHullBuilder.obj
 0001:00012160       ?init@ConvexHullBuilder@physx@@QEAA_NIPEBVPxVec3@2@PEBIIIPEBUPxHullPolygon@2@_NPEAVConvexHullLib@2@@Z 0000000180013160 f   ConvexHullBuilder.obj
 0001:00012aa0       ?save@ConvexHullBuilder@physx@@QEBA_NAEAVPxOutputStream@2@_N@Z 0000000180013aa0 f   ConvexHullBuilder.obj
 0001:00012dc0       ??1ConvexHullLib@physx@@UEAA@XZ 0000000180013dc0 f   ConvexHullLib.obj
 0001:00012e20       ??_EConvexHullLib@physx@@UEAAPEAXI@Z 0000000180013e20 f i ConvexHullLib.obj
 0001:00012e20       ??_GConvexHullLib@physx@@UEAAPEAXI@Z 0000000180013e20 f i ConvexHullLib.obj
 0001:00013390       ?cleanupVertices@ConvexHullLib@physx@@IEAA_NIPEBVPxVec3@2@IAEAIPEAV32@AEAV32@3@Z 0000000180014390 f   ConvexHullLib.obj
 0001:00013810       ?shiftAndcleanupVertices@ConvexHullLib@physx@@IEAA_NIPEBVPxVec3@2@IAEAIPEAV32@AEAV32@3@Z 0000000180014810 f   ConvexHullLib.obj
 0001:00013cf0       ?shiftConvexMeshDesc@ConvexHullLib@physx@@IEAAXAEAVPxConvexMeshDesc@2@@Z 0000000180014cf0 f   ConvexHullLib.obj
 0001:00013db0       ?swapLargestFace@ConvexHullLib@physx@@IEAAXAEAVPxConvexMeshDesc@2@@Z 0000000180014db0 f   ConvexHullLib.obj
 0001:00013fa0       ??4Box@Gu@physx@@QEAAAEBV012@AEBV012@@Z 0000000180014fa0 f i ConvexHullUtils.obj
 0001:00013fa0       ??0Box@Gu@physx@@QEAA@AEBV012@@Z 0000000180014fa0 f i ConvexHullUtils.obj
 0001:00014000       ??0Box@Gu@physx@@QEAA@AEBVPxVec3@2@0AEBVPxMat33@2@@Z 0000000180015000 f i ConvexHullUtils.obj
 0001:00014070       ??0ConvexHull@physx@@QEAA@AEBVPxVec3@1@AEBVPxTransform@1@AEBV?$Array@VPxPlane@physx@@V?$ReflectionAllocator@VPxPlane@physx@@@shdfnd@2@@shdfnd@1@@Z 0000000180015070 f   ConvexHullUtils.obj
 0001:000151d0       ??0PxQuat@physx@@QEAA@AEBVPxMat33@1@@Z 00000001800161d0 f i ConvexHullUtils.obj
 0001:000153b0       ?allocate@?$Array@VHalfEdge@ConvexHull@physx@@V?$ReflectionAllocator@VHalfEdge@ConvexHull@physx@@@shdfnd@3@@shdfnd@physx@@IEAAPEAVHalfEdge@ConvexHull@3@I@Z 00000001800163b0 f i ConvexHullUtils.obj
 0001:00015450       ?allocate@?$Array@VPxPlane@physx@@V?$ReflectionAllocator@VPxPlane@physx@@@shdfnd@2@@shdfnd@physx@@IEAAPEAVPxPlane@3@I@Z 0000000180016450 f i ConvexHullUtils.obj
 0001:000154f0       ?assertIntact@ConvexHull@physx@@QEBA_NM@Z 00000001800164f0 f   ConvexHullUtils.obj
 0001:00015800       ?computeAABBExtent@Box@Gu@physx@@QEBA?AVPxVec3@3@XZ 0000000180016800 f i ConvexHullUtils.obj
 0001:000158c0       ?computeBoxPoints@Box@Gu@physx@@QEBAXPEIAVPxVec3@3@@Z 00000001800168c0 f i ConvexHullUtils.obj
 0001:00015900       ?computeOBBFromConvex@physx@@YA_NAEBVPxConvexMeshDesc@1@AEAVPxVec3@1@AEAVPxTransform@1@@Z 0000000180016900 f   ConvexHullUtils.obj
 0001:00016190       ?convexHullCrop@physx@@YAPEAVConvexHull@1@AEBV21@AEBVPxPlane@1@M@Z 0000000180017190 f   ConvexHullUtils.obj
 0001:00016f70       ?copy@?$Array@VPxPlane@physx@@V?$ReflectionAllocator@VPxPlane@physx@@@shdfnd@2@@shdfnd@physx@@KAXPEAVPxPlane@3@0PEBV43@@Z 0000000180017f70 f i ConvexHullUtils.obj
 0001:00017070       ?findCandidatePlane@ConvexHull@physx@@QEBAHMM@Z 0000000180018070 f   ConvexHullUtils.obj
 0001:000174e0       ?getInverse@PxMat33@physx@@QEBA?BV12@XZ 00000001800184e0 f i ConvexHullUtils.obj
 0001:00017730       ?getTransform@Box@Gu@physx@@QEBA?AVPxTransform@3@XZ 0000000180018730 f i ConvexHullUtils.obj
 0001:00017790       ?growAndPushBack@?$Array@VHalfEdge@ConvexHull@physx@@V?$ReflectionAllocator@VHalfEdge@ConvexHull@physx@@@shdfnd@3@@shdfnd@physx@@IEAAAEAVHalfEdge@ConvexHull@3@AEBV453@@Z 0000000180018790 f i ConvexHullUtils.obj
 0001:00017850       ?growAndPushBack@?$Array@VPxPlane@physx@@V?$ReflectionAllocator@VPxPlane@physx@@@shdfnd@2@@shdfnd@physx@@IEAAAEAVPxPlane@3@AEBV43@@Z 0000000180018850 f i ConvexHullUtils.obj
 0001:00017910       ?isValid@Box@Gu@physx@@QEBA_NXZ 0000000180018910 f i ConvexHullUtils.obj
 0001:00017930       ?maxNumVertsPerFace@ConvexHull@physx@@QEBAIXZ 0000000180018930 f   ConvexHullUtils.obj
 0001:000179a0       ?recreate@?$Array@VHalfEdge@ConvexHull@physx@@V?$ReflectionAllocator@VHalfEdge@ConvexHull@physx@@@shdfnd@3@@shdfnd@physx@@IEAAXI@Z 00000001800189a0 f i ConvexHullUtils.obj
 0001:00017a40       ?recreate@?$Array@VPxPlane@physx@@V?$ReflectionAllocator@VPxPlane@physx@@@shdfnd@2@@shdfnd@physx@@IEAAXI@Z 0000000180018a40 f i ConvexHullUtils.obj
 0001:00017ad0       ?resize@?$Array@VHalfEdge@ConvexHull@physx@@V?$ReflectionAllocator@VHalfEdge@ConvexHull@physx@@@shdfnd@3@@shdfnd@physx@@QEAAXIAEBVHalfEdge@ConvexHull@3@@Z 0000000180018ad0 f i ConvexHullUtils.obj
 0001:00017b90       ?resize@?$Array@VPxPlane@physx@@V?$ReflectionAllocator@VPxPlane@physx@@@shdfnd@2@@shdfnd@physx@@QEAAXIAEBVPxPlane@3@@Z 0000000180018b90 f i ConvexHullUtils.obj
 0001:00017cb0       ?resize@?$Array@VPxVec3@physx@@V?$ReflectionAllocator@VPxVec3@physx@@@shdfnd@2@@shdfnd@physx@@QEAAXIAEBVPxVec3@3@@Z 0000000180018cb0 f i ConvexHullUtils.obj
 0001:00017da0       ?rotate@Box@Gu@physx@@QEBA?AVPxVec3@3@AEBV43@@Z 0000000180018da0 f i ConvexHullUtils.obj
 0001:00017e30       ?rotateInv@Box@Gu@physx@@QEBA?AVPxVec3@3@AEBV43@@Z 0000000180018e30 f i ConvexHullUtils.obj
 0001:00017ec0       ?setAxes@Box@Gu@physx@@QEAAXAEBVPxVec3@3@00@Z 0000000180018ec0 f i ConvexHullUtils.obj
 0001:00017f00       ?setEmpty@Box@Gu@physx@@QEAAXXZ 0000000180018f00 f i ConvexHullUtils.obj
 0001:00017f40       ?transform@Box@Gu@physx@@QEBA?AVPxVec3@3@AEBV43@@Z 0000000180018f40 f i ConvexHullUtils.obj
 0001:00017fe0       ??0ConvexMeshBuilder@physx@@QEAA@_N@Z 0000000180018fe0 f   ConvexMeshBuilder.obj
 0001:00018040       ??1ConvexMeshBuilder@physx@@QEAA@XZ 0000000180019040 f   ConvexMeshBuilder.obj
 0001:00018490       ?build@ConvexMeshBuilder@physx@@QEAA_NAEBVPxConvexMeshDesc@2@I_NPEAVConvexHullLib@2@@Z 0000000180019490 f   ConvexMeshBuilder.obj
 0001:000187a0       ?computeHullPolygons@ConvexMeshBuilder@physx@@QEAA_NAEBIPEBVPxVec3@2@0PEBIAEAVPxAllocatorCallback@2@AEAIAEAPEAV32@4AEAPEAI4AEAPEAUPxHullPolygon@2@@Z 00000001800197a0 f   ConvexMeshBuilder.obj
 0001:000189c0       ?computeMassInfo@ConvexMeshBuilder@physx@@QEAAX_N@Z 00000001800199c0 f   ConvexMeshBuilder.obj
 0001:00018d90       ?copy@ConvexMeshBuilder@physx@@QEAA_NAEAUConvexHullInitData@Gu@2@@Z 0000000180019d90 f   ConvexMeshBuilder.obj
 0001:00018eb0       ?isFinite@PxVec3@physx@@QEBA_NXZ 0000000180019eb0 f i ConvexMeshBuilder.obj
 0001:00018f10       ?loadConvexHull@ConvexMeshBuilder@physx@@QEAA_NAEBVPxConvexMeshDesc@2@PEAVConvexHullLib@2@@Z 0000000180019f10 f   ConvexMeshBuilder.obj
 0001:00019190       ?save@ConvexMeshBuilder@physx@@QEBA_NAEAVPxOutputStream@2@_N@Z 000000018001a190 f   ConvexMeshBuilder.obj
 0001:000193a0       ??$copy@V?$ReflectionAllocator@VPair@@@shdfnd@physx@@@?$Array@VPair@@V?$ReflectionAllocator@VPair@@@shdfnd@physx@@@shdfnd@physx@@IEAAXAEBV012@@Z 000000018001a3a0 f i ConvexPolygonsBuilder.obj
 0001:00019420       ??0ConvexPolygonsBuilder@physx@@QEAA@PEAUConvexHullData@Gu@1@_N@Z 000000018001a420 f   ConvexPolygonsBuilder.obj
 0001:00019440       ??1ConvexPolygonsBuilder@physx@@QEAA@XZ 000000018001a440 f   ConvexPolygonsBuilder.obj
 0001:00019c90       ?allocate@?$Array@VPair@@V?$ReflectionAllocator@VPair@@@shdfnd@physx@@@shdfnd@physx@@IEAAPEAVPair@@I@Z 000000018001ac90 f i ConvexPolygonsBuilder.obj
 0001:0001a4b0       ?computeHullPolygons@ConvexPolygonsBuilder@physx@@QEAA_NAEBIPEBVPxVec3@2@0PEBI@Z 000000018001b4b0 f   ConvexPolygonsBuilder.obj
 0001:0001b550       ?createPolygonData@ConvexPolygonsBuilder@physx@@AEAA_NXZ 000000018001c550 f   ConvexPolygonsBuilder.obj
 0001:0001c130       ?createTrianglesFromPolygons@ConvexPolygonsBuilder@physx@@AEAA_NXZ 000000018001d130 f   ConvexPolygonsBuilder.obj
 0001:0001d7b0       ?growAndPushBack@?$Array@VPair@@V?$ReflectionAllocator@VPair@@@shdfnd@physx@@@shdfnd@physx@@IEAAAEAVPair@@AEBV4@@Z 000000018001e7b0 f i ConvexPolygonsBuilder.obj
 0001:0001d870       ??0QuickHull@local@@QEAA@AEBUPxCookingParams@physx@@AEBVPxConvexMeshDesc@3@@Z 000000018001e870 f   QuickHullConvexHullLib.obj
 0001:0001d920       ??0QuickHullConvexHullLib@physx@@QEAA@AEBVPxConvexMeshDesc@1@AEBUPxCookingParams@1@@Z 000000018001e920 f   QuickHullConvexHullLib.obj
 0001:0001da10       ??1?$MemBlock@UQuickHullHalfEdge@local@@$0A@@local@@QEAA@XZ 000000018001ea10 f i QuickHullConvexHullLib.obj
 0001:0001da10       ??1?$MemBlock@UQuickHullFace@local@@$00@local@@QEAA@XZ 000000018001ea10 f i QuickHullConvexHullLib.obj
 0001:0001daa0       ??1QuickHull@local@@QEAA@XZ 000000018001eaa0 f   QuickHullConvexHullLib.obj
 0001:0001dbe0       ??_GConvexHull@physx@@QEAAPEAXI@Z 000000018001ebe0 f i QuickHullConvexHullLib.obj
 0001:0001dcc0       ??_GQuickHullConvexHullLib@physx@@UEAAPEAXI@Z 000000018001ecc0 f i QuickHullConvexHullLib.obj
 0001:0001dcc0       ??_EQuickHullConvexHullLib@physx@@UEAAPEAXI@Z 000000018001ecc0 f i QuickHullConvexHullLib.obj
 0001:0001ddc0       ?addPointToHull@QuickHull@local@@IEAA_NPEBUQuickHullVertex@2@AEAUQuickHullFace@2@AEA_N@Z 000000018001edc0 f   QuickHullConvexHullLib.obj
 0001:0001e090       ?addSimplex@QuickHull@local@@IEAAXPEAUQuickHullVertex@2@_N@Z 000000018001f090 f   QuickHullConvexHullLib.obj
 0001:0001e560       ?allocate@?$Array@PEAUQuickHullFace@local@@V?$ReflectionAllocator@PEAUQuickHullFace@local@@@shdfnd@physx@@@shdfnd@physx@@IEAAPEAPEAUQuickHullFace@local@@I@Z 000000018001f560 f i QuickHullConvexHullLib.obj
 0001:0001e600       ?allocate@?$Array@PEAUQuickHullHalfEdge@local@@V?$ReflectionAllocator@PEAUQuickHullHalfEdge@local@@@shdfnd@physx@@@shdfnd@physx@@IEAAPEAPEAUQuickHullHalfEdge@local@@I@Z 000000018001f600 f i QuickHullConvexHullLib.obj
 0001:0001e6a0       ?allocate@?$Array@PEAUQuickHullVertex@local@@V?$ReflectionAllocator@PEAUQuickHullVertex@local@@@shdfnd@physx@@@shdfnd@physx@@IEAAPEAPEAUQuickHullVertex@local@@I@Z 000000018001f6a0 f i QuickHullConvexHullLib.obj
 0001:0001e740       ?allocate@?$Array@UExpandPoint@local@@V?$ReflectionAllocator@UExpandPoint@local@@@shdfnd@physx@@@shdfnd@physx@@IEAAPEAUExpandPoint@local@@I@Z 000000018001f740 f i QuickHullConvexHullLib.obj
 0001:0001e7e0       ?buildHull@QuickHull@local@@QEAA?AW4Enum@QuickHullResult@2@XZ 000000018001f7e0 f   QuickHullConvexHullLib.obj
 0001:0001e9f0       ?calculateHorizon@QuickHull@local@@IEAAXAEBVPxVec3@physx@@PEAUQuickHullHalfEdge@2@AEAUQuickHullFace@2@AEAV?$Array@PEAUQuickHullHalfEdge@local@@V?$ReflectionAllocator@PEAUQuickHullHalfEdge@local@@@shdfnd@physx@@@shdfnd@4@AEAV?$Array@PEAUQuickHullFace@local@@V?$ReflectionAllocator@PEAUQuickHullFace@local@@@shdfnd@physx@@@84@@Z 000000018001f9f0 f   QuickHullConvexHullLib.obj
 0001:0001eba0       ?canMergeFaces@QuickHull@local@@IEAA_NAEBUQuickHullHalfEdge@2@@Z 000000018001fba0 f   QuickHullConvexHullLib.obj
 0001:0001f3d0       ?cleanupForSimplex@QuickHullConvexHullLib@physx@@IEAA_NPEAVPxVec3@2@IPEAUQuickHullVertex@local@@1AEAM2@Z 00000001800203d0 f   QuickHullConvexHullLib.obj
 0001:0001ffa0       ?computeMinMaxVerts@QuickHull@local@@IEAAXXZ 0000000180020fa0 f   QuickHullConvexHullLib.obj
 0001:00020370       ?connectHalfEdges@QuickHullFace@local@@AEAAPEAU12@PEAUQuickHullHalfEdge@2@0@Z 0000000180021370 f   QuickHullConvexHullLib.obj
 0001:000206d0       ?copy@?$Array@UExpandPoint@local@@V?$ReflectionAllocator@UExpandPoint@local@@@shdfnd@physx@@@shdfnd@physx@@KAXPEAUExpandPoint@local@@0PEBU45@@Z 00000001800216d0 f i QuickHullConvexHullLib.obj
 0001:00020780       ?createConvexHull@QuickHullConvexHullLib@physx@@UEAA?AW4Enum@PxConvexMeshCookingResult@2@XZ 0000000180021780 f   QuickHullConvexHullLib.obj
 0001:00020b80       ?createEdgeList@QuickHullConvexHullLib@physx@@UEAA_NIPEBEPEAPEAEPEAPEAG2@Z 0000000180021b80 f   QuickHullConvexHullLib.obj
 0001:00020db0       ?createTriangle@QuickHull@local@@IEAAPEAUQuickHullFace@2@AEBUQuickHullVertex@2@00@Z 0000000180021db0 f   QuickHullConvexHullLib.obj
 0001:00021140       ?doAdjacentMerge@QuickHull@local@@IEAA_NAEAUQuickHullFace@2@_NAEA_N@Z 0000000180022140 f   QuickHullConvexHullLib.obj
 0001:00021480       ?expandHull@QuickHullConvexHullLib@physx@@IEAA?AW4Enum@PxConvexMeshCookingResult@2@XZ 0000000180022480 f   QuickHullConvexHullLib.obj
 0001:00022150       ?expandHullOBB@QuickHullConvexHullLib@physx@@IEAA?AW4Enum@PxConvexMeshCookingResult@2@XZ 0000000180023150 f   QuickHullConvexHullLib.obj
 0001:00022570       ?fillConvexMeshDesc@QuickHullConvexHullLib@physx@@UEAAXAEAVPxConvexMeshDesc@2@@Z 0000000180023570 f   QuickHullConvexHullLib.obj
 0001:000225c0       ?fillConvexMeshDescFromCroppedHull@QuickHullConvexHullLib@physx@@IEAAXAEAVPxConvexMeshDesc@2@@Z 00000001800235c0 f   QuickHullConvexHullLib.obj
 0001:000227c0       ?fillConvexMeshDescFromQuickHull@QuickHullConvexHullLib@physx@@IEAAXAEAVPxConvexMeshDesc@2@@Z 00000001800237c0 f   QuickHullConvexHullLib.obj
 0001:00022b50       ?findSimplex@QuickHull@local@@IEAA_NXZ 0000000180023b50 f   QuickHullConvexHullLib.obj
 0001:00023800       ?getFreeItem@?$MemBlock@UQuickHullFace@local@@$00@local@@QEAAPEAUQuickHullFace@2@XZ 0000000180024800 f i QuickHullConvexHullLib.obj
 0001:00023930       ?getFreeItem@?$MemBlock@UQuickHullHalfEdge@local@@$0A@@local@@QEAAPEAUQuickHullHalfEdge@2@XZ 0000000180024930 f i QuickHullConvexHullLib.obj
 0001:00023a00       ?growAndPushBack@?$Array@PEAUQuickHullFace@local@@V?$ReflectionAllocator@PEAUQuickHullFace@local@@@shdfnd@physx@@@shdfnd@physx@@IEAAAEAPEAUQuickHullFace@local@@AEBQEAU45@@Z 0000000180024a00 f i QuickHullConvexHullLib.obj
 0001:00023ac0       ?growAndPushBack@?$Array@PEAUQuickHullHalfEdge@local@@V?$ReflectionAllocator@PEAUQuickHullHalfEdge@local@@@shdfnd@physx@@@shdfnd@physx@@IEAAAEAPEAUQuickHullHalfEdge@local@@AEBQEAU45@@Z 0000000180024ac0 f i QuickHullConvexHullLib.obj
 0001:00023b80       ?growAndPushBack@?$Array@PEAUQuickHullVertex@local@@V?$ReflectionAllocator@PEAUQuickHullVertex@local@@@shdfnd@physx@@@shdfnd@physx@@IEAAAEAPEAUQuickHullVertex@local@@AEBQEAU45@@Z 0000000180024b80 f i QuickHullConvexHullLib.obj
 0001:00023c40       ?growAndPushBack@?$Array@UExpandPoint@local@@V?$ReflectionAllocator@UExpandPoint@local@@@shdfnd@physx@@@shdfnd@physx@@IEAAAEAUExpandPoint@local@@AEBU45@@Z 0000000180024c40 f i QuickHullConvexHullLib.obj
 0001:00023d40       ?init@?$MemBlock@UQuickHullFace@local@@$00@local@@QEAAXI@Z 0000000180024d40 f i QuickHullConvexHullLib.obj
 0001:00023e40       ?init@?$MemBlock@UQuickHullHalfEdge@local@@$0A@@local@@QEAAXI@Z 0000000180024e40 f i QuickHullConvexHullLib.obj
 0001:00023ee0       ?mergeAdjacentFace@QuickHullFace@local@@QEAA_NPEAUQuickHullHalfEdge@2@AEAV?$Array@PEAUQuickHullFace@local@@V?$ReflectionAllocator@PEAUQuickHullFace@local@@@shdfnd@physx@@@shdfnd@physx@@@Z 0000000180024ee0 f   QuickHullConvexHullLib.obj
 0001:00024330       ?nextPointToAdd@QuickHull@local@@IEAAPEAUQuickHullVertex@2@AEAPEAUQuickHullFace@2@@Z 0000000180025330 f   QuickHullConvexHullLib.obj
 0001:000244b0       ?parseInputVertices@QuickHull@local@@QEAAXPEBVPxVec3@physx@@I@Z 00000001800254b0 f   QuickHullConvexHullLib.obj
 0001:00024640       ?postMergeHull@QuickHull@local@@IEAAXXZ 0000000180025640 f   QuickHullConvexHullLib.obj
 0001:00024890       ?preallocate@QuickHull@local@@QEAAXI@Z 0000000180025890 f   QuickHullConvexHullLib.obj
 0001:000249d0       ?recreate@?$Array@PEAUQuickHullFace@local@@V?$ReflectionAllocator@PEAUQuickHullFace@local@@@shdfnd@physx@@@shdfnd@physx@@IEAAXI@Z 00000001800259d0 f i QuickHullConvexHullLib.obj
 0001:00024a70       ?recreate@?$Array@PEAUQuickHullHalfEdge@local@@V?$ReflectionAllocator@PEAUQuickHullHalfEdge@local@@@shdfnd@physx@@@shdfnd@physx@@IEAAXI@Z 0000000180025a70 f i QuickHullConvexHullLib.obj
 0001:00024b10       ?recreate@?$Array@PEAUQuickHullVertex@local@@V?$ReflectionAllocator@PEAUQuickHullVertex@local@@@shdfnd@physx@@@shdfnd@physx@@IEAAXI@Z 0000000180025b10 f i QuickHullConvexHullLib.obj
 0001:00024bb0       ?recreate@?$Array@UExpandPoint@local@@V?$ReflectionAllocator@UExpandPoint@local@@@shdfnd@physx@@@shdfnd@physx@@IEAAXI@Z 0000000180025bb0 f i QuickHullConvexHullLib.obj
 0001:00024c40       ?resolveUnclaimedPoints@QuickHull@local@@IEAAXAEBV?$Array@PEAUQuickHullFace@local@@V?$ReflectionAllocator@PEAUQuickHullFace@local@@@shdfnd@physx@@@shdfnd@physx@@@Z 0000000180025c40 f   QuickHullConvexHullLib.obj
 0001:00025940       ?computeVolumeIntegralsEberly@physx@@YA_NAEBVPxConvexMeshDesc@1@MAEAUPxIntegrals@1@AEBVPxVec3@1@@Z 0000000180026940 f   VolumeIntegration.obj
 0001:00025980       ?computeVolumeIntegralsEberlySIMD@physx@@YA_NAEBVPxConvexMeshDesc@1@MAEAUPxIntegrals@1@AEBVPxVec3@1@@Z 0000000180026980 f   VolumeIntegration.obj
 0001:00025fc0       ?cookingDelayHook@@YAP6A_JXZIPEAUDelayLoadInfo@@@Z 0000000180026fc0 f   WindowsCookingDelayLoadHook.obj
 0001:000260a0       PxSetPhysXCookingDelayLoadHook 00000001800270a0 f   WindowsCookingDelayLoadHook.obj
 0001:000260a8       __imp_load_??0RadixSortBuffered@Cm@physx@@QEAA@XZ 00000001800270a8 f   PhysXCommon_64:PhysXCommon_64.dll
 0001:000260b4       ??0RadixSortBuffered@Cm@physx@@QEAA@XZ 00000001800270b4 f   PhysXCommon_64:PhysXCommon_64.dll
 0001:000260ba       __tailMerge_physxcommon_64_dll 00000001800270ba     PhysXCommon_64:PhysXCommon_64.dll
 0001:00026133       __imp_load_??1RadixSortBuffered@Cm@physx@@UEAA@XZ 0000000180027133 f   PhysXCommon_64:PhysXCommon_64.dll
 0001:0002613f       ??1RadixSortBuffered@Cm@physx@@UEAA@XZ 000000018002713f f   PhysXCommon_64:PhysXCommon_64.dll
 0001:00026145       __imp_load_?Sort@RadixSortBuffered@Cm@physx@@QEAAAEAV123@PEBIIW4RadixHint@23@@Z 0000000180027145 f   PhysXCommon_64:PhysXCommon_64.dll
 0001:00026151       ?Sort@RadixSortBuffered@Cm@physx@@QEAAAEAV123@PEBIIW4RadixHint@23@@Z 0000000180027151 f   PhysXCommon_64:PhysXCommon_64.dll
 0001:00026157       __imp_load_??0HeightField@Gu@physx@@QEAA@PEAVGuMeshFactory@2@@Z 0000000180027157 f   PhysXCommon_64:PhysXCommon_64.dll
 0001:00026163       ??0HeightField@Gu@physx@@QEAA@PEAVGuMeshFactory@2@@Z 0000000180027163 f   PhysXCommon_64:PhysXCommon_64.dll
 0001:00026169       __imp_load_?loadFromDesc@HeightField@Gu@physx@@QEAA_NAEBVPxHeightFieldDesc@3@@Z 0000000180027169 f   PhysXCommon_64:PhysXCommon_64.dll
 0001:00026175       ?loadFromDesc@HeightField@Gu@physx@@QEAA_NAEBVPxHeightFieldDesc@3@@Z 0000000180027175 f   PhysXCommon_64:PhysXCommon_64.dll
 0001:0002617b       __imp_load_?computeCellCoordinates@HeightField@Gu@physx@@QEBAIMMAEAM0@Z 000000018002717b f   PhysXCommon_64:PhysXCommon_64.dll
 0001:00026187       ?computeCellCoordinates@HeightField@Gu@physx@@QEBAIMMAEAM0@Z 0000000180027187 f   PhysXCommon_64:PhysXCommon_64.dll
 0001:0002618d       __imp_load_?releaseMemory@HeightField@Gu@physx@@QEAAXXZ 000000018002718d f   PhysXCommon_64:PhysXCommon_64.dll
 0001:00026199       ?releaseMemory@HeightField@Gu@physx@@QEAAXXZ 0000000180027199 f   PhysXCommon_64:PhysXCommon_64.dll
 0001:0002619f       __imp_load_??1HeightField@Gu@physx@@UEAA@XZ 000000018002719f f   PhysXCommon_64:PhysXCommon_64.dll
 0001:000261ab       ??1HeightField@Gu@physx@@UEAA@XZ 00000001800271ab f   PhysXCommon_64:PhysXCommon_64.dll
 0001:000261b1       __imp_load_??0NodeAllocator@Gu@physx@@QEAA@XZ 00000001800271b1 f   PhysXCommon_64:PhysXCommon_64.dll
 0001:000261bd       ??0NodeAllocator@Gu@physx@@QEAA@XZ 00000001800271bd f   PhysXCommon_64:PhysXCommon_64.dll
 0001:000261c3       __imp_load_??1NodeAllocator@Gu@physx@@QEAA@XZ 00000001800271c3 f   PhysXCommon_64:PhysXCommon_64.dll
 0001:000261cf       ??1NodeAllocator@Gu@physx@@QEAA@XZ 00000001800271cf f   PhysXCommon_64:PhysXCommon_64.dll
 0001:000261d5       __imp_load_?release@NodeAllocator@Gu@physx@@QEAAXXZ 00000001800271d5 f   PhysXCommon_64:PhysXCommon_64.dll
 0001:000261e1       ?release@NodeAllocator@Gu@physx@@QEAAXXZ 00000001800271e1 f   PhysXCommon_64:PhysXCommon_64.dll
 0001:000261e7       __imp_load_?buildAABBTree@Gu@physx@@YA_NAEAVAABBTreeBuildParams@12@AEAVNodeAllocator@12@AEAUBuildStats@12@AEAPEAI@Z 00000001800271e7 f   PhysXCommon_64:PhysXCommon_64.dll
 0001:000261f3       ?buildAABBTree@Gu@physx@@YA_NAEAVAABBTreeBuildParams@12@AEAVNodeAllocator@12@AEAUBuildStats@12@AEAPEAI@Z 00000001800271f3 f   PhysXCommon_64:PhysXCommon_64.dll
 0001:000261f9       __imp_load_?writeDword@physx@@YAXI_NAEAVPxOutputStream@1@@Z 00000001800271f9 f   PhysXCommon_64:PhysXCommon_64.dll
 0001:00026205       ?writeDword@physx@@YAXI_NAEAVPxOutputStream@1@@Z 0000000180027205 f   PhysXCommon_64:PhysXCommon_64.dll
 0001:0002620b       __imp_load_?writeFloatBuffer@physx@@YAXPEBMI_NAEAVPxOutputStream@1@@Z 000000018002720b f   PhysXCommon_64:PhysXCommon_64.dll
 0001:00026217       ?writeFloatBuffer@physx@@YAXPEBMI_NAEAVPxOutputStream@1@@Z 0000000180027217 f   PhysXCommon_64:PhysXCommon_64.dll
 0001:0002621d       __imp_load_?writeHeader@physx@@YA_NCCCCI_NAEAVPxOutputStream@1@@Z 000000018002721d f   PhysXCommon_64:PhysXCommon_64.dll
 0001:00026229       ?writeHeader@physx@@YA_NCCCCI_NAEAVPxOutputStream@1@@Z 0000000180027229 f   PhysXCommon_64:PhysXCommon_64.dll
 0001:0002622f       __imp_load_?writeWord@physx@@YAXG_NAEAVPxOutputStream@1@@Z 000000018002722f f   PhysXCommon_64:PhysXCommon_64.dll
 0001:0002623b       ?writeWord@physx@@YAXG_NAEAVPxOutputStream@1@@Z 000000018002723b f   PhysXCommon_64:PhysXCommon_64.dll
 0001:00026241       __imp_load_?writeFloat@physx@@YAXM_NAEAVPxOutputStream@1@@Z 0000000180027241 f   PhysXCommon_64:PhysXCommon_64.dll
 0001:0002624d       ?writeFloat@physx@@YAXM_NAEAVPxOutputStream@1@@Z 000000018002724d f   PhysXCommon_64:PhysXCommon_64.dll
 0001:00026253       __imp_load_?computeBoundsAroundVertices@Gu@physx@@YAXAEAVPxBounds3@2@IPEIBVPxVec3@2@@Z 0000000180027253 f   PhysXCommon_64:PhysXCommon_64.dll
 0001:0002625f       ?computeBoundsAroundVertices@Gu@physx@@YAXAEAVPxBounds3@2@IPEIBVPxVec3@2@@Z 000000018002725f f   PhysXCommon_64:PhysXCommon_64.dll
 0001:00026265       __imp_load_??0SourceMesh@Gu@physx@@QEAA@XZ 0000000180027265 f   PhysXCommon_64:PhysXCommon_64.dll
 0001:00026271       ??0SourceMesh@Gu@physx@@QEAA@XZ 0000000180027271 f   PhysXCommon_64:PhysXCommon_64.dll
 0001:00026277       __imp_load_??1SourceMesh@Gu@physx@@QEAA@XZ 0000000180027277 f   PhysXCommon_64:PhysXCommon_64.dll
 0001:00026283       ??1SourceMesh@Gu@physx@@QEAA@XZ 0000000180027283 f   PhysXCommon_64:PhysXCommon_64.dll
 0001:00026289       __imp_load_??0BV4Tree@Gu@physx@@QEAA@XZ 0000000180027289 f   PhysXCommon_64:PhysXCommon_64.dll
 0001:00026295       ??0BV4Tree@Gu@physx@@QEAA@XZ 0000000180027295 f   PhysXCommon_64:PhysXCommon_64.dll
 0001:0002629b       __imp_load_??1BV4Tree@Gu@physx@@QEAA@XZ 000000018002729b f   PhysXCommon_64:PhysXCommon_64.dll
 0001:000262a7       ??1BV4Tree@Gu@physx@@QEAA@XZ 00000001800272a7 f   PhysXCommon_64:PhysXCommon_64.dll
 0001:000262ad       __imp_load_??0BV32Tree@Gu@physx@@QEAA@XZ 00000001800272ad f   PhysXCommon_64:PhysXCommon_64.dll
 0001:000262b9       ??0BV32Tree@Gu@physx@@QEAA@XZ 00000001800272b9 f   PhysXCommon_64:PhysXCommon_64.dll
 0001:000262bf       __imp_load_??1BV32Tree@Gu@physx@@QEAA@XZ 00000001800272bf f   PhysXCommon_64:PhysXCommon_64.dll
 0001:000262cb       ??1BV32Tree@Gu@physx@@QEAA@XZ 00000001800272cb f   PhysXCommon_64:PhysXCommon_64.dll
 0001:000262d1       __imp_load_?writeWordBuffer@physx@@YAXPEBGI_NAEAVPxOutputStream@1@@Z 00000001800272d1 f   PhysXCommon_64:PhysXCommon_64.dll
 0001:000262dd       ?writeWordBuffer@physx@@YAXPEBGI_NAEAVPxOutputStream@1@@Z 00000001800272dd f   PhysXCommon_64:PhysXCommon_64.dll
 0001:000262e3       __imp_load_?computeMaxIndex@physx@@YAIPEBII@Z 00000001800272e3 f   PhysXCommon_64:PhysXCommon_64.dll
 0001:000262ef       ?computeMaxIndex@physx@@YAIPEBII@Z 00000001800272ef f   PhysXCommon_64:PhysXCommon_64.dll
 0001:000262f5       __imp_load_?storeIndices@physx@@YAXIIPEBIAEAVPxOutputStream@1@_N@Z 00000001800272f5 f   PhysXCommon_64:PhysXCommon_64.dll
 0001:00026301       ?storeIndices@physx@@YAXIIPEBIAEAVPxOutputStream@1@_N@Z 0000000180027301 f   PhysXCommon_64:PhysXCommon_64.dll
 0001:00026307       __imp_load_?BuildBV4Ex@Gu@physx@@YA_NAEAVBV4Tree@12@AEAVSourceMesh@12@MI@Z 0000000180027307 f   PhysXCommon_64:PhysXCommon_64.dll
 0001:00026313       ?BuildBV4Ex@Gu@physx@@YA_NAEAVBV4Tree@12@AEAVSourceMesh@12@MI@Z 0000000180027313 f   PhysXCommon_64:PhysXCommon_64.dll
 0001:00026319       __imp_load_?BuildBV32Ex@Gu@physx@@YA_NAEAVBV32Tree@12@AEAVSourceMesh@12@MI@Z 0000000180027319 f   PhysXCommon_64:PhysXCommon_64.dll
 0001:00026325       ?BuildBV32Ex@Gu@physx@@YA_NAEAVBV32Tree@12@AEAVSourceMesh@12@MI@Z 0000000180027325 f   PhysXCommon_64:PhysXCommon_64.dll
 0001:0002632b       __imp_load_?computeMaxIndex@physx@@YAGPEBGI@Z 000000018002732b f   PhysXCommon_64:PhysXCommon_64.dll
 0001:00026337       ?computeMaxIndex@physx@@YAGPEBGI@Z 0000000180027337 f   PhysXCommon_64:PhysXCommon_64.dll
 0001:0002633d       __imp_load_?WriteHeader@Gu@physx@@YA_NEEEEI_NAEAVPxOutputStream@2@@Z 000000018002733d f   PhysXCommon_64:PhysXCommon_64.dll
 0001:00026349       ?WriteHeader@Gu@physx@@YA_NEEEEI_NAEAVPxOutputStream@2@@Z 0000000180027349 f   PhysXCommon_64:PhysXCommon_64.dll
 0001:0002634f       __imp_load_?StoreIndices@Gu@physx@@YAXGIPEBGAEAVPxOutputStream@2@_N@Z 000000018002734f f   PhysXCommon_64:PhysXCommon_64.dll
 0001:0002635b       ?StoreIndices@Gu@physx@@YAXGIPEBGAEAVPxOutputStream@2@_N@Z 000000018002735b f   PhysXCommon_64:PhysXCommon_64.dll
 0001:00026361       __imp_load_?CreateOffsets@BigConvexData@physx@@IEAAXXZ 0000000180027361 f   PhysXCommon_64:PhysXCommon_64.dll
 0001:0002636d       ?CreateOffsets@BigConvexData@physx@@IEAAXXZ 000000018002736d f   PhysXCommon_64:PhysXCommon_64.dll
 0001:00026373       __imp_load_?computeOBBPoints@Gu@physx@@YAXPEIAVPxVec3@2@AEBV32@1111@Z 0000000180027373 f   PhysXCommon_64:PhysXCommon_64.dll
 0001:0002637f       ?computeOBBPoints@Gu@physx@@YAXPEIAVPxVec3@2@AEBV32@1111@Z 000000018002737f f   PhysXCommon_64:PhysXCommon_64.dll
 0001:00026385       __imp_load_??0BigConvexData@physx@@QEAA@XZ 0000000180027385 f   PhysXCommon_64:PhysXCommon_64.dll
 0001:00026391       ??0BigConvexData@physx@@QEAA@XZ 0000000180027391 f   PhysXCommon_64:PhysXCommon_64.dll
 0001:00026397       __imp_load_??1BigConvexData@physx@@QEAA@XZ 0000000180027397 f   PhysXCommon_64:PhysXCommon_64.dll
 0001:000263a3       ??1BigConvexData@physx@@QEAA@XZ 00000001800273a3 f   PhysXCommon_64:PhysXCommon_64.dll
 0001:000263a9       __imp_load_PxGetFoundation 00000001800273a9 f   PhysXFoundation_64:PhysXFoundation_64.dll
 0001:000263b5       PxGetFoundation            00000001800273b5 f   PhysXFoundation_64:PhysXFoundation_64.dll
 0001:000263bb       __tailMerge_physxfoundation_64_dll 00000001800273bb     PhysXFoundation_64:PhysXFoundation_64.dll
 0001:00026434       __imp_load_?getAllocator@shdfnd@physx@@YAAEAVPxAllocatorCallback@2@XZ 0000000180027434 f   PhysXFoundation_64:PhysXFoundation_64.dll
 0001:00026440       ?getAllocator@shdfnd@physx@@YAAEAVPxAllocatorCallback@2@XZ 0000000180027440 f   PhysXFoundation_64:PhysXFoundation_64.dll
 0001:00026446       __imp_load_?getInstance@Foundation@shdfnd@physx@@SAAEAV123@XZ 0000000180027446 f   PhysXFoundation_64:PhysXFoundation_64.dll
 0001:00026452       ?getInstance@Foundation@shdfnd@physx@@SAAEAV123@XZ 0000000180027452 f   PhysXFoundation_64:PhysXFoundation_64.dll
 0001:00026458       __imp_load_?error@Foundation@shdfnd@physx@@QEAAXW4Enum@PxErrorCode@3@PEBDH1ZZ 0000000180027458 f   PhysXFoundation_64:PhysXFoundation_64.dll
 0001:00026464       ?error@Foundation@shdfnd@physx@@QEAAXW4Enum@PxErrorCode@3@PEBDH1ZZ 0000000180027464 f   PhysXFoundation_64:PhysXFoundation_64.dll
 0001:0002646a       __imp_load_?incRefCount@Foundation@shdfnd@physx@@SAXXZ 000000018002746a f   PhysXFoundation_64:PhysXFoundation_64.dll
 0001:00026476       ?incRefCount@Foundation@shdfnd@physx@@SAXXZ 0000000180027476 f   PhysXFoundation_64:PhysXFoundation_64.dll
 0001:0002647c       __imp_load_?decRefCount@Foundation@shdfnd@physx@@SAXXZ 000000018002747c f   PhysXFoundation_64:PhysXFoundation_64.dll
 0001:00026488       ?decRefCount@Foundation@shdfnd@physx@@SAXXZ 0000000180027488 f   PhysXFoundation_64:PhysXFoundation_64.dll
 0001:0002648e       __imp_load_??0FPUGuard@shdfnd@physx@@QEAA@XZ 000000018002748e f   PhysXFoundation_64:PhysXFoundation_64.dll
 0001:0002649a       ??0FPUGuard@shdfnd@physx@@QEAA@XZ 000000018002749a f   PhysXFoundation_64:PhysXFoundation_64.dll
 0001:000264a0       __imp_load_??1FPUGuard@shdfnd@physx@@QEAA@XZ 00000001800274a0 f   PhysXFoundation_64:PhysXFoundation_64.dll
 0001:000264ac       ??1FPUGuard@shdfnd@physx@@QEAA@XZ 00000001800274ac f   PhysXFoundation_64:PhysXFoundation_64.dll
 0001:000264b2       __imp_load_?allocate@TempAllocator@shdfnd@physx@@QEAAPEAX_KPEBDH@Z 00000001800274b2 f   PhysXFoundation_64:PhysXFoundation_64.dll
 0001:000264be       ?allocate@TempAllocator@shdfnd@physx@@QEAAPEAX_KPEBDH@Z 00000001800274be f   PhysXFoundation_64:PhysXFoundation_64.dll
 0001:000264c4       __imp_load_?deallocate@TempAllocator@shdfnd@physx@@QEAAXPEAX@Z 00000001800274c4 f   PhysXFoundation_64:PhysXFoundation_64.dll
 0001:000264d0       ?deallocate@TempAllocator@shdfnd@physx@@QEAAXPEAX@Z 00000001800274d0 f   PhysXFoundation_64:PhysXFoundation_64.dll
 0001:000264d6       __imp_load_?PxDiagonalize@physx@@YA?AVPxVec3@1@AEBVPxMat33@1@AEAVPxQuat@1@@Z 00000001800274d6 f   PhysXFoundation_64:PhysXFoundation_64.dll
 0001:000264e2       ?PxDiagonalize@physx@@YA?AVPxVec3@1@AEBVPxMat33@1@AEAVPxQuat@1@@Z 00000001800274e2 f   PhysXFoundation_64:PhysXFoundation_64.dll
 0001:000264e8       ?DloadAcquireSectionWriteAccess@@YAXXZ 00000001800274e8 f i Delayimp:delayhlp.obj
 0001:00026594       ?DloadGetSRWLockFunctionPointers@@YAEXZ 0000000180027594 f i Delayimp:delayhlp.obj
 0001:00026630       ?DloadMakePermanentImageCommit@@YAXPEAX_K@Z 0000000180027630 f i Delayimp:delayhlp.obj
 0001:000266c8       ?DloadObtainSection@@YAPEAXPEAK0@Z 00000001800276c8 f i Delayimp:delayhlp.obj
 0001:00026764       ?DloadProtectSection@@YAXKPEAK@Z 0000000180027764 f i Delayimp:delayhlp.obj
 0001:000267f4       ?DloadReleaseSectionWriteAccess@@YAXXZ 00000001800277f4 f i Delayimp:delayhlp.obj
 0001:00026888       __delayLoadHelper2         0000000180027888 f   Delayimp:delayhlp.obj
 0001:00026b60       ??_V@YAXPEAX@Z             0000000180027b60 f   LIBCMT:delete_array.obj
 0001:00026b60       ??3@YAXPEAX_K@Z            0000000180027b60 f   LIBCMT:delete_scalar_size.obj
 0001:00026b68       ??_Etype_info@@UEAAPEAXI@Z 0000000180027b68 f i LIBCMT:std_type_info_static.obj
 0001:00026b68       ??_Gtype_info@@UEAAPEAXI@Z 0000000180027b68 f i LIBCMT:std_type_info_static.obj
 0001:00026b94       ?__scrt_initialize_type_info@@YAXXZ 0000000180027b94 f   LIBCMT:tncleanup.obj
 0001:00026ba4       ?__scrt_uninitialize_type_info@@YAXXZ 0000000180027ba4 f   LIBCMT:tncleanup.obj
 0001:00026bc0       _alloca_probe              0000000180027bc0 f   LIBCMT:chkstk.obj
 0001:00026bc0       __chkstk                   0000000180027bc0 f   LIBCMT:chkstk.obj
 0001:00026c14       ??3@YAXPEAX@Z              0000000180027c14 f   LIBCMT:delete_scalar.obj
 0001:00026c20       __vdecl_sinf4              0000000180027c20 f   LIBCMT:svml_ssinf4_dispatch.obj
 0001:00026c40       __libm_sse2_sincosf_       0000000180027c40 f   LIBCMT:svml_ssinf4_dispatch.obj
 0001:00026c83       __libm_sse2_sincosf4_      0000000180027c83 f   LIBCMT:svml_ssinf4_dispatch.obj
 0001:00026fb0       _DllMainCRTStartup         0000000180027fb0 f   LIBCMT:dll_dllmain.obj
 0001:00026ff0       __isa_available_init       0000000180027ff0 f   LIBCMT:cpu_disp.obj
 0001:000271a0       __sse2_sinf4@@16           00000001800281a0 f   LIBCMT:svml_ssinf4_sse2.obj
 0001:00027ae0       __sse4_sinf4@@16           0000000180028ae0 f   LIBCMT:svml_ssinf4_sse4.obj
 0001:00028254       __security_init_cookie     0000000180029254 f   LIBCMT:gs_support.obj
 0001:00028300       __local_stdio_printf_options 0000000180029300 f i LIBCMT:default_local_stdio_options.obj
 0001:00028308       __local_stdio_scanf_options 0000000180029308 f i LIBCMT:default_local_stdio_options.obj
 0001:00028310       __scrt_initialize_default_local_stdio_options 0000000180029310 f   LIBCMT:default_local_stdio_options.obj
 0001:0002832c       __scrt_acquire_startup_lock 000000018002932c f   LIBCMT:utility.obj
 0001:00028368       __scrt_dllmain_after_initialize_c 0000000180029368 f   LIBCMT:utility.obj
 0001:0002839c       __scrt_dllmain_before_initialize_c 000000018002939c f   LIBCMT:utility.obj
 0001:000283b4       __scrt_dllmain_crt_thread_attach 00000001800293b4 f   LIBCMT:utility.obj
 0001:000283dc       __scrt_dllmain_crt_thread_detach 00000001800293dc f   LIBCMT:utility.obj
 0001:000283f4       __scrt_dllmain_exception_filter 00000001800293f4 f   LIBCMT:utility.obj
 0001:00028454       __scrt_dllmain_uninitialize_c 0000000180029454 f   LIBCMT:utility.obj
 0001:00028484       __scrt_dllmain_uninitialize_critical 0000000180029484 f   LIBCMT:utility.obj
 0001:00028498       __scrt_initialize_crt      0000000180029498 f   LIBCMT:utility.obj
 0001:000284e4       __scrt_initialize_onexit_tables 00000001800294e4 f   LIBCMT:utility.obj
 0001:00028570       __scrt_is_nonwritable_in_current_image 0000000180029570 f   LIBCMT:utility.obj
 0001:00028608       __scrt_release_startup_lock 0000000180029608 f   LIBCMT:utility.obj
 0001:0002862c       __scrt_uninitialize_crt    000000018002962c f   LIBCMT:utility.obj
 0001:00028658       __scrt_get_dyn_tls_init_callback 0000000180029658 f   LIBCMT:dyn_tls_init.obj
 0001:00028660       __crt_debugger_hook        0000000180029660 f   LIBCMT:utility_desktop.obj
 0001:00028668       __scrt_fastfail            0000000180029668 f   LIBCMT:utility_desktop.obj
 0001:000287b4       _RTC_Initialize            00000001800297b4 f   LIBCMT:initsect.obj
 0001:000287f0       _RTC_Terminate             00000001800297f0 f   LIBCMT:initsect.obj
 0001:00028830       __common_ssin_cout_rare    0000000180029830 f   LIBCMT:svml_s_sin_cout.obj
 0001:000288a0       __scrt_is_ucrt_dll_in_use  00000001800298a0 f   LIBCMT:ucrt_detection.obj
 0001:000288ac       _get_purecall_handler      00000001800298ac f   libvcruntime:purevirt.obj
 0001:000288b4       _purecall                  00000001800298b4 f   libvcruntime:purevirt.obj
 0001:000288d8       __std_type_info_compare    00000001800298d8 f   libvcruntime:std_type_info.obj
 0001:00028900       __std_type_info_destroy_list 0000000180029900 f   libvcruntime:std_type_info.obj
 0001:0002892c       __std_type_info_name       000000018002992c f   libvcruntime:std_type_info.obj
 0001:00028a60       memset_repmovs             0000000180029a60 f   libvcruntime:memset.obj
 0001:00028a80       memset                     0000000180029a80 f   libvcruntime:memset.obj
 0001:00028c20       memcpy_repmovs             0000000180029c20 f   libvcruntime:memcpy.obj
 0001:00028c40       memcpy                     0000000180029c40 f   libvcruntime:memcpy.obj
 0001:00028c40       memmove                    0000000180029c40 f   libvcruntime:memcpy.obj
 0001:00029018       strstr                     000000018002a018 f   libvcruntime:strstr.obj
 0001:00029214       __C_specific_handler       000000018002a214 f   libvcruntime:riscchandler.obj
 0001:00029420       __vcrt_initialize          000000018002a420 f   libvcruntime:initialization.obj
 0001:00029448       __vcrt_thread_attach       000000018002a448 f   libvcruntime:initialization.obj
 0001:0002945c       __vcrt_thread_detach       000000018002a45c f   libvcruntime:initialization.obj
 0001:00029470       __vcrt_uninitialize        000000018002a470 f   libvcruntime:initialization.obj
 0001:0002948c       __vcrt_uninitialize_critical 000000018002a48c f   libvcruntime:initialization.obj
 0001:0002949c       __DestructExceptionObject  000000018002a49c f   libvcruntime:ehhelpers.obj
 0001:0002950c       ?_CallMemberFunction0@@YAXQEAX0@Z 000000018002a50c f i libvcruntime:ehhelpers.obj
 0001:00029510       _IsExceptionObjectToBeDestroyed 000000018002a510 f   libvcruntime:ehhelpers.obj
 0001:00029540       __AdjustPointer            000000018002a540 f   libvcruntime:ehhelpers.obj
 0001:00029564       __FrameUnwindFilter        000000018002a564 f   libvcruntime:ehhelpers.obj
 0001:000295cc       ??$?0$00@DName@@QEAA@PEBDU?$StringLifeSelector@$00@@@Z 000000018002a5cc f i libvcruntime:undname.obj
 0001:0002960c       ??$?0$0A@@DName@@QEAA@PEBDU?$StringLifeSelector@$0A@@@@Z 000000018002a60c f i libvcruntime:undname.obj
 0001:0002960c       ??$?0$01@DName@@QEAA@PEBDU?$StringLifeSelector@$01@@@Z 000000018002a60c f i libvcruntime:undname.obj
 0001:0002964c       ??$?0$01@pcharNode@@QEAA@PEBDHU?$StringLifeSelector@$01@@@Z 000000018002a64c f i libvcruntime:undname.obj
 0001:0002964c       ??$?0$0A@@pcharNode@@QEAA@PEBDHU?$StringLifeSelector@$0A@@@@Z 000000018002a64c f i libvcruntime:undname.obj
 0001:000296c0       ??$append@VDNameStatusNode@@@DName@@AEAAXPEBVDNameStatusNode@@@Z 000000018002a6c0 f i libvcruntime:undname.obj
 0001:000296c0       ??$append@VcharNode@@@DName@@AEAAXPEBVcharNode@@@Z 000000018002a6c0 f i libvcruntime:undname.obj
 0001:000296c0       ??$append@VpcharNode@@@DName@@AEAAXPEBVpcharNode@@@Z 000000018002a6c0 f i libvcruntime:undname.obj
 0001:000296c0       ??$append@VDNameNode@@@DName@@AEAAXPEBVDNameNode@@@Z 000000018002a6c0 f i libvcruntime:undname.obj
 0001:00029724       ??$doPchar@$00@DName@@AEAAXPEBDH@Z 000000018002a724 f i libvcruntime:undname.obj
 0001:000297c8       ??$doPchar@$01@DName@@AEAAXPEBDH@Z 000000018002a7c8 f i libvcruntime:undname.obj
 0001:000297c8       ??$doPchar@$0A@@DName@@AEAAXPEBDH@Z 000000018002a7c8 f i libvcruntime:undname.obj
 0001:00029860       ??0DName@@QEAA@AEAPEBDD@Z  000000018002a860 f   libvcruntime:undname.obj
 0001:00029910       ??0DName@@QEAA@AEBUStringLiteral@@@Z 000000018002a910 f   libvcruntime:undname.obj
 0001:0002993c       ??0DName@@QEAA@PEAV0@@Z    000000018002a93c f   libvcruntime:undname.obj
 0001:000299c0       ??0DName@@QEAA@_J@Z        000000018002a9c0 f   libvcruntime:undname.obj
 0001:00029a68       ??0DName@@QEAA@_K@Z        000000018002aa68 f   libvcruntime:undname.obj
 0001:00029af8       ??2@YAPEAX_KAEAV_HeapManager@@H@Z 000000018002aaf8 f   libvcruntime:undname.obj
 0001:00029b24       ??AReplicator@@QEBA?AVDName@@H@Z 000000018002ab24 f   libvcruntime:undname.obj
 0001:00029b64       ??HDName@@QEBA?AV0@AEBUStringLiteral@@@Z 000000018002ab64 f   libvcruntime:undname.obj
 0001:00029b90       ??HDName@@QEBA?AV0@AEBV0@@Z 000000018002ab90 f   libvcruntime:undname.obj
 0001:00029bbc       ??HDName@@QEBA?AV0@D@Z     000000018002abbc f   libvcruntime:undname.obj
 0001:00029be8       ??HDName@@QEBA?AV0@W4DNameStatus@@@Z 000000018002abe8 f   libvcruntime:undname.obj
 0001:00029c14       ??YDName@@QEAAAEAV0@AEBUStringLiteral@@@Z 000000018002ac14 f   libvcruntime:undname.obj
 0001:00029c94       ??YDName@@QEAAAEAV0@AEBV0@@Z 000000018002ac94 f   libvcruntime:undname.obj
 0001:00029d48       ??YDName@@QEAAAEAV0@D@Z    000000018002ad48 f   libvcruntime:undname.obj
 0001:00029db4       ??YDName@@QEAAAEAV0@W4DNameStatus@@@Z 000000018002adb4 f   libvcruntime:undname.obj
 0001:00029e20       ??YReplicator@@QEAAAEAV0@AEBVDName@@@Z 000000018002ae20 f   libvcruntime:undname.obj
 0001:00029e78       ?UScore@UnDecorator@@SA?AUStringLiteral@@W4Tokens@@@Z 000000018002ae78 f   libvcruntime:undname.obj
 0001:00029ec4       ?composeDeclaration@UnDecorator@@CA?AVDName@@AEBV2@@Z 000000018002aec4 f i libvcruntime:undname.obj
 0001:0002ad6c       ?doPchar@DName@@AEAAXD@Z   000000018002bd6c f   libvcruntime:undname.obj
 0001:0002adbc       ?getArgumentList@UnDecorator@@CA?AVDName@@XZ 000000018002bdbc f   libvcruntime:undname.obj
 0001:0002af50       ?getArgumentTypes@UnDecorator@@CA?AVDName@@XZ 000000018002bf50 f   libvcruntime:undname.obj
 0001:0002b0ac       ?getArrayObject@UnDecorator@@CA?AVDName@@XZ 000000018002c0ac f   libvcruntime:undname.obj
 0001:0002b174       ?getArrayType@UnDecorator@@CA?AVDName@@AEBV2@@Z 000000018002c174 f i libvcruntime:undname.obj
 0001:0002b3bc       ?getBasedType@UnDecorator@@CA?AVDName@@XZ 000000018002c3bc f   libvcruntime:undname.obj
 0001:0002b4b4       ?getBasicDataType@UnDecorator@@CA?AVDName@@AEBV2@@Z 000000018002c4b4 f   libvcruntime:undname.obj
 0001:0002b9f8       ?getCallingConvention@UnDecorator@@CA?AVDName@@XZ 000000018002c9f8 f   libvcruntime:undname.obj
 0001:0002bb38       ?getDataIndirectType@UnDecorator@@CA?AVDName@@AEBV2@W4IndirectionKind@@0H@Z 000000018002cb38 f   libvcruntime:undname.obj
 0001:0002c3d0       ?getDataType@UnDecorator@@CA?AVDName@@PEAV2@@Z 000000018002d3d0 f   libvcruntime:undname.obj
 0001:0002c4e4       ?getDecoratedName@UnDecorator@@CA?AVDName@@XZ 000000018002d4e4 f   libvcruntime:undname.obj
 0001:0002c7c8       ?getDimension@UnDecorator@@CA?AVDName@@_N@Z 000000018002d7c8 f   libvcruntime:undname.obj
[...]
 0004:00002b08       $pdata$?update_thread_multibyte_data_internal@@YAPEAU__crt_multibyte_data@@QEAU__acrt_ptd@@QEAPEAU1@@Z 000000018005eb08     libucrt:mbctype.obj
 0004:00002b14       $pdata$?fin$0@?0??update_thread_multibyte_data_internal@@YAPEAU__crt_multibyte_data@@QEAU__acrt_ptd@@QEAPEAU1@@Z@4HA 000000018005eb14     libucrt:mbctype.obj
 0004:00002b20       $pdata$?setmbcp_internal@@YAHH_NQEAU__acrt_ptd@@QEAPEAU__crt_multibyte_data@@@Z 000000018005eb20     libucrt:mbctype.obj
 0004:00002b2c       $pdata$?setSBUpLow@@YAXPEAU__crt_multibyte_data@@@Z 000000018005eb2c     libucrt:mbctype.obj
 0004:00002b38       $pdata$??$?RV<lambda_efdfa57d1f175319df784efa44bb7b81>@@AEAV<lambda_5f0a4c1567f8adc6734073e5d1e1b35c>@@V<lambda_2e8a7d3640ea6ccb4c2413664c2db6fd>@@@?$__crt_seh_guarded_call@X@@QEAAX$$QEAV<lambda_efdfa57d1f175319df784efa44bb7b81>@@AEAV<lambda_5f0a4c1567f8adc6734073e5d1e1b35c>@@$$QEAV<lambda_2e8a7d3640ea6ccb4c2413664c2db6fd>@@@Z 000000018005eb38     libucrt:mbctype.obj
 0004:00002b44       $pdata$?x_ismbbtype_l@@YAHPEAU__crt_locale_pointers@@IHH@Z 000000018005eb44     libucrt:ismbbyte.obj
 0004:00002b50       $pdata$__acrt_initialize_command_line 000000018005eb50     libucrt:argv_data.obj
 0004:00002b5c       $pdata$__acrt_WideCharToMultiByte 000000018005eb5c     libucrt:widechartomultibyte.obj
 0004:00002b68       $pdata$__dcrt_get_narrow_environment_from_os 000000018005eb68     libucrt:get_environment_from_os.obj
 0004:00002b74       $pdata$_recalloc_base      000000018005eb74     libucrt:recalloc.obj
 0004:00002b80       $pdata$__acrt_initialize_winapi_thunks 000000018005eb80     libucrt:winapi_thunks.obj
 0004:00002b8c       $pdata$__acrt_uninitialize_winapi_thunks 000000018005eb8c     libucrt:winapi_thunks.obj
 0004:00002b98       $pdata$__acrt_AreFileApisANSI 000000018005eb98     libucrt:winapi_thunks.obj
 0004:00002ba4       $pdata$__acrt_FlsAlloc     000000018005eba4     libucrt:winapi_thunks.obj
 0004:00002bb0       $pdata$__acrt_FlsFree      000000018005ebb0     libucrt:winapi_thunks.obj
 0004:00002bbc       $pdata$__acrt_FlsGetValue  000000018005ebbc     libucrt:winapi_thunks.obj
 0004:00002bc8       $pdata$__acrt_FlsSetValue  000000018005ebc8     libucrt:winapi_thunks.obj
 0004:00002bd4       $pdata$__acrt_InitializeCriticalSectionEx 000000018005ebd4     libucrt:winapi_thunks.obj
 0004:00002be0       $pdata$__acrt_LCMapStringEx 000000018005ebe0     libucrt:winapi_thunks.obj
 0004:00002bec       $pdata$__acrt_LocaleNameToLCID 000000018005ebec     libucrt:winapi_thunks.obj
 0004:00002bf8       $pdata$__acrt_AppPolicyGetProcessTerminationMethodInternal 000000018005ebf8     libucrt:winapi_thunks.obj
 0004:00002c04       $pdata$?try_get_function@@YAPEAXW4function_id@?A0x391cf84c@@QEBDQEBW4module_id@2@2@Z 000000018005ec04     libucrt:winapi_thunks.obj
 0004:00002c10       $pdata$__acrt_initialize_heap 000000018005ec10     libucrt:heap_handle.obj
 0004:00002c1c       $pdata$__acrt_initialize_lowio 000000018005ec1c     libucrt:ioinit.obj
 0004:00002c28       $pdata$__acrt_initialize_lowio$fin$0 000000018005ec28     libucrt:ioinit.obj
 0004:00002c28       $pdata$__acrt_lowio_ensure_fh_exists$fin$0 000000018005ec28     libucrt:osfinfo.obj
 0004:00002c34       $pdata$__acrt_uninitialize_lowio 000000018005ec34     libucrt:ioinit.obj
 0004:00002c40       $pdata$?initialize_inherited_file_handles_nolock@@YAXXZ 000000018005ec40     libucrt:ioinit.obj
 0004:00002c4c       $pdata$?initialize_stdio_handles_nolock@@YAXXZ 000000018005ec4c     libucrt:ioinit.obj
 0004:00002c58       $pdata$__acrt_execute_initializers 000000018005ec58     libucrt:shared_initialization.obj
 0004:00002c64       $pdata$__acrt_execute_uninitializers 000000018005ec64     libucrt:shared_initialization.obj
 0004:00002c70       $pdata$_callnewh           000000018005ec70     libucrt:new_handler.obj
 0004:00002c7c       $pdata$_query_new_handler  000000018005ec7c     libucrt:new_handler.obj
 0004:00002c88       $pdata$_query_new_handler$fin$0 000000018005ec88     libucrt:new_handler.obj
 0004:00002c94       $pdata$__acrt_get_sigabrt_handler 000000018005ec94     libucrt:signal.obj
 0004:00002ca0       $pdata$raise               000000018005eca0     libucrt:signal.obj
 0004:00002cac       $pdata$raise$fin$0         000000018005ecac     libucrt:signal.obj
 0004:00002cb8       $pdata$??$?RV<lambda_450d765d439847d4c735a33c368b5fc0>@@AEAV<lambda_44731a7d0e6d81c3e6aa82d741081786>@@V<lambda_601a2a7da3b7a96e9554ac7215c4b07c>@@@?$__crt_seh_guarded_call@P6AXH@Z@@QEAAP6AXH@Z$$QEAV<lambda_450d765d439847d4c735a33c368b5fc0>@@AEAV<lambda_44731a7d0e6d81c3e6aa82d741081786>@@$$QEAV<lambda_601a2a7da3b7a96e9554ac7215c4b07c>@@@Z 000000018005ecb8     libucrt:signal.obj
 0004:00002cc4       $pdata$_fflush_nolock      000000018005ecc4     libucrt:fflush.obj
 0004:00002cd0       $pdata$__acrt_stdio_flush_nolock 000000018005ecd0     libucrt:fflush.obj
 0004:00002cdc       $pdata$?common_flush_all@@YAH_N@Z 000000018005ecdc     libucrt:fflush.obj
 0004:00002ce8       $pdata$??$?RV<lambda_842d9ff0dc9ef11c61343bbaebe7f885>@@AEAV<lambda_c5860995281e5c4ce005b3de8f5874ee>@@V<lambda_d90129c13df834fdcbf8d2b88dafcf2d>@@@?$__crt_seh_guarded_call@X@@QEAAX$$QEAV<lambda_842d9ff0dc9ef11c61343bbaebe7f885>@@AEAV<lambda_c5860995281e5c4ce005b3de8f5874ee>@@$$QEAV<lambda_d90129c13df834fdcbf8d2b88dafcf2d>@@@Z 000000018005ece8     libucrt:fflush.obj
 0004:00002cf4       $pdata$?fin$0@?0???$?RV<lambda_842d9ff0dc9ef11c61343bbaebe7f885>@@AEAV<lambda_c5860995281e5c4ce005b3de8f5874ee>@@V<lambda_d90129c13df834fdcbf8d2b88dafcf2d>@@@?$__crt_seh_guarded_call@X@@QEAAX$$QEAV<lambda_842d9ff0dc9ef11c61343bbaebe7f885>@@AEAV<lambda_c5860995281e5c4ce005b3de8f5874ee>@@$$QEAV<lambda_d90129c13df834fdcbf8d2b88dafcf2d>@@@Z@4HA 000000018005ecf4     libucrt:fflush.obj
 0004:00002d00       $pdata$??$?RV<lambda_886d6c58226a84441f68b9f2b8217b83>@@AEAV<lambda_ab61a845afdef5b7c387490eaf3616ee>@@V<lambda_f7f22ab5edc0698d5f6905b0d3f44752>@@@?$__crt_seh_guarded_call@X@@QEAAX$$QEAV<lambda_886d6c58226a84441f68b9f2b8217b83>@@AEAV<lambda_ab61a845afdef5b7c387490eaf3616ee>@@$$QEAV<lambda_f7f22ab5edc0698d5f6905b0d3f44752>@@@Z 000000018005ed00     libucrt:fflush.obj
 0004:00002d0c       $pdata$?fin$0@?0???$?RV<lambda_886d6c58226a84441f68b9f2b8217b83>@@AEAV<lambda_ab61a845afdef5b7c387490eaf3616ee>@@V<lambda_f7f22ab5edc0698d5f6905b0d3f44752>@@@?$__crt_seh_guarded_call@X@@QEAAX$$QEAV<lambda_886d6c58226a84441f68b9f2b8217b83>@@AEAV<lambda_ab61a845afdef5b7c387490eaf3616ee>@@$$QEAV<lambda_f7f22ab5edc0698d5f6905b0d3f44752>@@@Z@4HA 000000018005ed0c     libucrt:fflush.obj
 0004:00002d18       $pdata$__acrt_initialize_stdio 000000018005ed18     libucrt:_file.obj
 0004:00002d24       $pdata$__acrt_uninitialize_stdio 000000018005ed24     libucrt:_file.obj
 0004:00002d30       $pdata$_malloc_base        000000018005ed30     libucrt:malloc_base.obj
 0004:00002d3c       $pdata$strtol              000000018005ed3c     libucrt:strtox.obj
 0004:00002d48       $pdata$_mbtowc_l           000000018005ed48     libucrt:mbtowc.obj
 0004:00002d54       $pdata$wctomb_s            000000018005ed54     libucrt:wctomb.obj
 0004:00002d60       $pdata$_wctomb_s_l         000000018005ed60     libucrt:wctomb.obj
 0004:00002d6c       $pdata$__acrt_update_locale_info 000000018005ed6c     libucrt:locale_update.obj
 0004:00002d78       $pdata$__acrt_update_multibyte_info 000000018005ed78     libucrt:locale_update.obj
 0004:00002d84       $pdata$__acrt_fp_format    000000018005ed84     libucrt:cvt.obj
 0004:00002d90       $pdata$?fp_format_e_internal@@YAHQEAD_KH_NIQEAU_strflt@@2QEAU__crt_locale_pointers@@@Z 000000018005ed90     libucrt:cvt.obj
 0004:00002d9c       $pdata$?fp_format_e@@YAHQEBNQEAD_K12H_NIQEAU__crt_locale_pointers@@@Z 000000018005ed9c     libucrt:cvt.obj
 0004:00002da8       $pdata$?fp_format_a@@YAHQEBNPEAD_KQEAD2H_NIQEAU__crt_locale_pointers@@@Z 000000018005eda8     libucrt:cvt.obj
 0004:00002db4       $pdata$?fp_format_f_internal@@YAHQEAD_KHQEAU_strflt@@_NQEAU__crt_locale_pointers@@@Z 000000018005edb4     libucrt:cvt.obj
 0004:00002dc0       $pdata$?fp_format_g@@YAHQEBNQEAD_K12H_NIQEAU__crt_locale_pointers@@@Z 000000018005edc0     libucrt:cvt.obj
 0004:00002dcc       $pdata$_fileno             000000018005edcc     libucrt:fileno.obj
 0004:00002dd8       $pdata$__acrt_uninitialize_locale 000000018005edd8     libucrt:wsetlocale.obj
 0004:00002de4       $pdata$??$?RV<lambda_410d79af7f07d98d83a3f525b3859a53>@@AEAV<lambda_3e16ef9562a7dcce91392c22ab16ea36>@@V<lambda_38119f0e861e05405d8a144b9b982f0a>@@@?$__crt_seh_guarded_call@X@@QEAAX$$QEAV<lambda_410d79af7f07d98d83a3f525b3859a53>@@AEAV<lambda_3e16ef9562a7dcce91392c22ab16ea36>@@$$QEAV<lambda_38119f0e861e05405d8a144b9b982f0a>@@@Z 000000018005ede4     libucrt:wsetlocale.obj
 0004:00002df0       $pdata$?fin$0@?0???$?RV<lambda_410d79af7f07d98d83a3f525b3859a53>@@AEAV<lambda_3e16ef9562a7dcce91392c22ab16ea36>@@V<lambda_38119f0e861e05405d8a144b9b982f0a>@@@?$__crt_seh_guarded_call@X@@QEAAX$$QEAV<lambda_410d79af7f07d98d83a3f525b3859a53>@@AEAV<lambda_3e16ef9562a7dcce91392c22ab16ea36>@@$$QEAV<lambda_38119f0e861e05405d8a144b9b982f0a>@@@Z@4HA 000000018005edf0     libucrt:wsetlocale.obj
 0004:00002dfc       $pdata$__pctype_func       000000018005edfc     libucrt:ctype.obj
 0004:00002e08       $pdata$_isctype_l          000000018005ee08     libucrt:isctype.obj
 0004:00002e20       $pdata$_set_errno_from_matherr 000000018005ee20     libucrt:fpexcept.obj
 0004:00002e2c       $pdata$_raise_excf         000000018005ee2c     libucrt:fpexcept.obj
 0004:00002e38       $pdata$_raise_exc          000000018005ee38     libucrt:fpexcept.obj
 0004:00002e44       $pdata$_raise_exc_ex       000000018005ee44     libucrt:fpexcept.obj
 0004:00002e50       $pdata$__acrt_release_locale_ref 000000018005ee50     libucrt:locale_refcounting.obj
 0004:00002e5c       $pdata$__acrt_free_locale  000000018005ee5c     libucrt:locale_refcounting.obj
 0004:00002e68       $pdata$__acrt_locale_free_lc_time_if_unreferenced 000000018005ee68     libucrt:locale_refcounting.obj
 0004:00002e74       $pdata$__acrt_update_thread_locale_data 000000018005ee74     libucrt:locale_refcounting.obj
 0004:00002e80       $pdata$__acrt_update_thread_locale_data$fin$0 000000018005ee80     libucrt:locale_refcounting.obj
 0004:00002e8c       $pdata$_updatetlocinfoEx_nolock 000000018005ee8c     libucrt:locale_refcounting.obj
 0004:00002e98       $pdata$qsort               000000018005ee98     libucrt:qsort.obj
 0004:00002ea4       $pdata$4$qsort             000000018005eea4     libucrt:qsort.obj
 0004:00002eb0       $pdata$5$qsort             000000018005eeb0     libucrt:qsort.obj
 0004:00002ebc       $pdata$strncpy_s           000000018005eebc     libucrt:strncpy_s.obj
 0004:00002ec8       $pdata$strpbrk             000000018005eec8     libucrt:strpbrk.obj
 0004:00002ed4       $pdata$fallbackMethod      000000018005eed4     libucrt:strpbrk.obj
 0004:00002ee0       $pdata$_mbsdec_l           000000018005eee0     libucrt:mbsdec.obj
 0004:00002eec       $pdata$__acrt_GetStringTypeA 000000018005eeec     libucrt:getstringtypea.obj
 0004:00002ef8       $pdata$__acrt_LCMapStringA 000000018005eef8     libucrt:lcmapstringa.obj
 0004:00002f04       $pdata$?__acrt_LCMapStringA_stat@@YAHPEAU__crt_locale_pointers@@PEB_WKPEBDHPEADHHH@Z 000000018005ef04     libucrt:lcmapstringa.obj
 0004:00002f10       $pdata$?initialize_multibyte@@YAHXZ 000000018005ef10     libucrt:multibyte_initializer.obj
 0004:00002f1c       $pdata$_msize_base         000000018005ef1c     libucrt:msize.obj
 0004:00002f28       $pdata$_realloc_base       000000018005ef28     libucrt:realloc_base.obj
 0004:00002f34       $pdata$__acrt_DownlevelLocaleNameToLCID 000000018005ef34     libucrt:lcidtoname_downlevel.obj
 0004:00002f40       $pdata$_get_osfhandle      000000018005ef40     libucrt:osfinfo.obj
 0004:00002f4c       $pdata$_free_osfhnd        000000018005ef4c     libucrt:osfinfo.obj
 0004:00002f58       $pdata$__acrt_lowio_create_handle_array 000000018005ef58     libucrt:osfinfo.obj
 0004:00002f64       $pdata$__acrt_lowio_destroy_handle_array 000000018005ef64     libucrt:osfinfo.obj
 0004:00002f70       $pdata$__acrt_lowio_ensure_fh_exists 000000018005ef70     libucrt:osfinfo.obj
 0004:00002f7c       $pdata$_commit             000000018005ef7c     libucrt:commit.obj
 0004:00002f88       $pdata$??$?RV<lambda_a37b2b86f63e897a80ea819b0eb08c01>@@AEAV<lambda_38ce7e780aa69e748d6df282ebc68efe>@@V<lambda_99fb1378e971ab6e7edea83e3a7a83a2>@@@?$__crt_seh_guarded_call@H@@QEAAH$$QEAV<lambda_a37b2b86f63e897a80ea819b0eb08c01>@@AEAV<lambda_38ce7e780aa69e748d6df282ebc68efe>@@$$QEAV<lambda_99fb1378e971ab6e7edea83e3a7a83a2>@@@Z 000000018005ef88     libucrt:commit.obj
 0004:00002f94       $pdata$?fin$0@?0???$?RV<lambda_751a882b2c74d4b022dec766aa51a29a>@@AEAV<lambda_628dfdc04ba53c8bfc02c9951375f3f5>@@V<lambda_f6c7be5f7998530c34de24c7437d6b54>@@@?$__crt_seh_guarded_call@H@@QEAAH$$QEAV<lambda_751a882b2c74d4b022dec766aa51a29a>@@AEAV<lambda_628dfdc04ba53c8bfc02c9951375f3f5>@@$$QEAV<lambda_f6c7be5f7998530c34de24c7437d6b54>@@@Z@4HA 000000018005ef94     libucrt:close.obj
 0004:00002f94       $pdata$?fin$0@?0???$?RV<lambda_a37b2b86f63e897a80ea819b0eb08c01>@@AEAV<lambda_38ce7e780aa69e748d6df282ebc68efe>@@V<lambda_99fb1378e971ab6e7edea83e3a7a83a2>@@@?$__crt_seh_guarded_call@H@@QEAAH$$QEAV<lambda_a37b2b86f63e897a80ea819b0eb08c01>@@AEAV<lambda_38ce7e780aa69e748d6df282ebc68efe>@@$$QEAV<lambda_99fb1378e971ab6e7edea83e3a7a83a2>@@@Z@4HA 000000018005ef94     libucrt:commit.obj
 0004:00002fa0       $pdata$_write              000000018005efa0     libucrt:write.obj
 0004:00002fac       $pdata$_write$fin$0        000000018005efac     libucrt:write.obj
 0004:00002fb8       $pdata$_write_nolock       000000018005efb8     libucrt:write.obj
 0004:00002fc4       $pdata$?write_double_translated_ansi_nolock@@YA?AUwrite_result@?A0x17268360@@HQEBDI@Z 000000018005efc4     libucrt:write.obj
 0004:00002fd0       $pdata$?write_text_ansi_nolock@@YA?AUwrite_result@?A0x17268360@@HQEBDI@Z 000000018005efd0     libucrt:write.obj
 0004:00002fdc       $pdata$?write_text_utf16le_nolock@@YA?AUwrite_result@?A0x17268360@@HQEBDI@Z 000000018005efdc     libucrt:write.obj
 0004:00002fe8       $pdata$?write_text_utf8_nolock@@YA?AUwrite_result@?A0x17268360@@HQEBDI@Z 000000018005efe8     libucrt:write.obj
 0004:00002ff4       $pdata$_fcloseall          000000018005eff4     libucrt:closeall.obj
 0004:00003000       $pdata$_fcloseall$fin$0    000000018005f000     libucrt:closeall.obj
 0004:0000300c       $pdata$__acrt_stdio_free_buffer_nolock 000000018005f00c     libucrt:_freebuf.obj
 0004:00003018       $pdata$_isatty             000000018005f018     libucrt:isatty.obj
 0004:00003024       $pdata$_isleadbyte_l       000000018005f024     libucrt:_wctype.obj
 0004:00003030       $pdata$?__mbrtowc_utf8@__crt_mbstring@@YA_KPEA_WPEBD_KPEAU_Mbstatet@@@Z 000000018005f030     libucrt:mbrtowc.obj
 0004:0000303c       $pdata$?__mbsrtowcs_utf8@__crt_mbstring@@YA_KPEA_WPEAPEBD_KPEAU_Mbstatet@@@Z 000000018005f03c     libucrt:mbrtowc.obj
 0004:00003048       $pdata$?__c32rtomb_utf8@__crt_mbstring@@YA_KPEAD_UPEAU_Mbstatet@@@Z 000000018005f048     libucrt:c32rtomb.obj
 0004:00003054       $pdata$__acrt_fp_strflt_to_string 000000018005f054     libucrt:_fptostr.obj
 0004:00003060       $pdata$memcpy_s            000000018005f060     libucrt:cfout.obj
 0004:0000306c       $pdata$__acrt_fltout       000000018005f06c     libucrt:cfout.obj
 0004:00003078       $pdata$?divide@__crt_strtox@@YA_KAEAUbig_integer@1@AEBU21@@Z 000000018005f078     libucrt:cfout.obj
 0004:00003084       $pdata$0$?divide@__crt_strtox@@YA_KAEAUbig_integer@1@AEBU21@@Z 000000018005f084     libucrt:cfout.obj
 0004:00003090       $pdata$1$?divide@__crt_strtox@@YA_KAEAUbig_integer@1@AEBU21@@Z 000000018005f090     libucrt:cfout.obj
 0004:0000309c       $pdata$__acrt_locale_free_monetary 000000018005f09c     libucrt:initmon.obj
 0004:000030a8       $pdata$__acrt_locale_free_numeric 000000018005f0a8     libucrt:initnum.obj
 0004:000030b4       $pdata$__acrt_locale_free_time 000000018005f0b4     libucrt:inittime.obj
 0004:000030c0       $pdata$?free_crt_array_internal@@YAXQEAPEBX_K@Z 000000018005f0c0     libucrt:inittime.obj
 0004:000030cc       $pdata$??$common_lseek_nolock@_J@@YA_JH_JH@Z 000000018005f0cc     libucrt:lseek.obj
 0004:000030d8       $pdata$_putwch_nolock      000000018005f0d8     libucrt:putwch.obj
 0004:000030e4       $pdata$fclose              000000018005f0e4     libucrt:fclose.obj
 0004:000030f0       $pdata$fclose$fin$0        000000018005f0f0     libucrt:fclose.obj
 0004:000030fc       $pdata$_fclose_nolock      000000018005f0fc     libucrt:fclose.obj
 0004:00003108       $pdata$?__mbrtoc32_utf8@__crt_mbstring@@YA_KPEA_UPEBD_KPEAU_Mbstatet@@@Z 000000018005f108     libucrt:mbrtoc32.obj
 0004:00003114       $pdata$fegetenv            000000018005f114     libucrt:fegetenv.obj
 0004:00003120       $pdata$fesetenv            000000018005f120     libucrt:fesetenv.obj
 0004:0000312c       $pdata$feholdexcept        000000018005f12c     libucrt:feholdexcept.obj
 0004:00003144       $pdata$__acrt_fenv_set_control 000000018005f144     libucrt:_fenvutils.obj
 0004:00003150       $pdata$__dcrt_lowio_ensure_console_output_initialized 000000018005f150     libucrt:initcon.obj
 0004:0000315c       $pdata$__dcrt_write_console 000000018005f15c     libucrt:initcon.obj
 0004:00003168       $pdata$__dcrt_terminate_console_output 000000018005f168     libucrt:initcon.obj
 0004:00003174       $pdata$_close              000000018005f174     libucrt:close.obj
 0004:00003180       $pdata$_close_nolock       000000018005f180     libucrt:close.obj
 0004:0000318c       $pdata$??$?RV<lambda_751a882b2c74d4b022dec766aa51a29a>@@AEAV<lambda_628dfdc04ba53c8bfc02c9951375f3f5>@@V<lambda_f6c7be5f7998530c34de24c7437d6b54>@@@?$__crt_seh_guarded_call@H@@QEAAH$$QEAV<lambda_751a882b2c74d4b022dec766aa51a29a>@@AEAV<lambda_628dfdc04ba53c8bfc02c9951375f3f5>@@$$QEAV<lambda_f6c7be5f7998530c34de24c7437d6b54>@@@Z 000000018005f18c     libucrt:close.obj
 0004:00003198       $pdata$_clearfp            000000018005f198     libucrt:ieee.obj
 0004:000031a4       $pdata$_log_special_common 000000018005f1a4     libucrt:log_special.obj
 0004:000031b0       $pdata$_log10_special      000000018005f1b0     libucrt:log_special.obj
 0004:000031bc       $pdata$_IsNonwritableInCurrentImage 000000018005f1bc     LIBCMT:pesect.obj
 0004:000031c8       $pdata$_IsNonwritableInCurrentImage$filt$0 000000018005f1c8     LIBCMT:pesect.obj
 0004:000031d4       $pdata$__GSHandlerCheckCommon 000000018005f1d4     LIBCMT:gshandler.obj
 0004:000031e0       $pdata$__GSHandlerCheck    000000018005f1e0     LIBCMT:gshandler.obj
 0004:000031f8       $pdata$__GSHandlerCheck_SEH 000000018005f1f8     LIBCMT:gshandlerseh.obj
 0004:00003204       $pdata$__report_securityfailure 000000018005f204     LIBCMT:gs_report.obj
 0004:00003210       $pdata$__report_rangecheckfailure 000000018005f210     LIBCMT:gs_report.obj
 0004:0000321c       $pdata$__report_gsfailure  000000018005f21c     LIBCMT:gs_report.obj
 0004:00003228       $pdata$capture_current_context 000000018005f228     LIBCMT:gs_report.obj
 0004:00003234       $pdata$capture_previous_context 000000018005f234     LIBCMT:gs_report.obj
 0004:00003240       $pdata$__raise_securityfailure 000000018005f240     LIBCMT:gs_report.obj
 0005:00000000       _2il0floatpacket$19        0000000180060000     LIBCMT:svml_ssinf4_sse2.obj
 0005:00002200       _vmlsSinHATab              0000000180062200     LIBCMT:svml_s_sin_cout.obj
 0005:00002210       MsetTab                    0000000180062210     libvcruntime:memset.obj
 0005:00002260       MoveSmall                  0000000180062260     libvcruntime:memcpy.obj
 0006:000000a0       $R000000                   00000001800630a0     PhysXCooking.res
 0006:000003d0       $R000330                   00000001800633d0     PhysXCooking.res
